Archive member included to satisfy reference by file (symbol)

/opt/devkitpro/libctru/lib/libcitro2d.a(base.o)
                              main.o (C2D_Init)
/opt/devkitpro/libctru/lib/libcitro2d.a(spritesheet.o)
                              sprite_animation_manager.o (C2D_SpriteSheetLoad)
/opt/devkitpro/libctru/lib/libcitro2d.a(render2d.shbin.o)
                              /opt/devkitpro/libctru/lib/libcitro2d.a(base.o) (render2d_shbin)
/opt/devkitpro/libctru/lib/libcitro3d.a(base.o)
                              main.o (C3D_Init)
/opt/devkitpro/libctru/lib/libcitro3d.a(renderqueue.o)
                              /opt/devkitpro/libctru/lib/libcitro3d.a(base.o) (C3Di_RenderQueueEnableVBlank)
/opt/devkitpro/libctru/lib/libcitro3d.a(texture.o)
                              /opt/devkitpro/libctru/lib/libcitro2d.a(base.o) (C3D_TexBind)
/opt/devkitpro/libctru/lib/libcitro3d.a(tex3ds.o)
                              /opt/devkitpro/libctru/lib/libcitro2d.a(spritesheet.o) (Tex3DS_TextureImport)
/opt/devkitpro/libctru/lib/libcitro3d.a(framebuffer.o)
                              /opt/devkitpro/libctru/lib/libcitro3d.a(renderqueue.o) (C3D_CalcColorBufSize)
/opt/devkitpro/libctru/lib/libcitro3d.a(texenv.o)
                              /opt/devkitpro/libctru/lib/libcitro2d.a(base.o) (C3D_GetTexEnv)
/opt/devkitpro/libctru/lib/libcitro3d.a(proctex.o)
                              /opt/devkitpro/libctru/lib/libcitro2d.a(base.o) (C3D_ProcTexInit)
/opt/devkitpro/libctru/lib/libcitro3d.a(buffers.o)
                              /opt/devkitpro/libctru/lib/libcitro2d.a(base.o) (BufInfo_Init)
/opt/devkitpro/libctru/lib/libcitro3d.a(drawArrays.o)
                              /opt/devkitpro/libctru/lib/libcitro2d.a(base.o) (C3D_DrawArrays)
/opt/devkitpro/libctru/lib/libcitro3d.a(effect.o)
                              /opt/devkitpro/libctru/lib/libcitro3d.a(base.o) (C3D_DepthMap)
/opt/devkitpro/libctru/lib/libcitro3d.a(attribs.o)
                              /opt/devkitpro/libctru/lib/libcitro2d.a(base.o) (AttrInfo_Init)
/opt/devkitpro/libctru/lib/libcitro3d.a(immediate.o)
                              /opt/devkitpro/libctru/lib/libcitro3d.a(base.o) (C3D_ImmSendAttrib)
/opt/devkitpro/libctru/lib/libcitro3d.a(uniforms.o)
                              /opt/devkitpro/libctru/lib/libcitro3d.a(base.o) (C3D_UpdateUniforms)
/opt/devkitpro/libctru/lib/libcitro3d.a(mtx_ortho.o)
                              /opt/devkitpro/libctru/lib/libcitro2d.a(base.o) (Mtx_Ortho)
/opt/devkitpro/libctru/lib/libcitro3d.a(mtx_scale.o)
                              /opt/devkitpro/libctru/lib/libcitro2d.a(base.o) (Mtx_Scale)
/opt/devkitpro/libctru/lib/libcitro3d.a(mtx_multiply.o)
                              /opt/devkitpro/libctru/lib/libcitro2d.a(base.o) (Mtx_Multiply)
/opt/devkitpro/libctru/lib/libcitro3d.a(mtx_orthotilt.o)
                              /opt/devkitpro/libctru/lib/libcitro2d.a(base.o) (Mtx_OrthoTilt)
/opt/devkitpro/libctru/lib/libcitro3d.a(mtx_translate.o)
                              /opt/devkitpro/libctru/lib/libcitro2d.a(base.o) (Mtx_Translate)
/opt/devkitpro/libctru/lib/libcitro3d.a(mtx_rotatez.o)
                              /opt/devkitpro/libctru/lib/libcitro2d.a(base.o) (Mtx_RotateZ)
/opt/devkitpro/libctru/lib/libctru.a(vram.o)
                              /opt/devkitpro/libctru/lib/libcitro3d.a(renderqueue.o) (vramAlloc)
/opt/devkitpro/libctru/lib/libctru.a(linear.o)
                              /opt/devkitpro/libctru/lib/libcitro2d.a(base.o) (linearAlloc)
/opt/devkitpro/libctru/lib/libctru.a(mem_pool.o)
                              /opt/devkitpro/libctru/lib/libctru.a(vram.o) (MemPool::Allocate(MemChunk&, unsigned long, int))
/opt/devkitpro/libctru/lib/libctru.a(romfs_dev.o)
                              main.o (romfsMountSelf)
/opt/devkitpro/libctru/lib/libctru.a(os.o)
                              /opt/devkitpro/libctru/lib/libcitro3d.a(texture.o) (osConvertVirtToPhys)
/opt/devkitpro/libctru/lib/libctru.a(console.o)
                              main.o (consoleInit)
/opt/devkitpro/libctru/lib/libctru.a(path_buf.o)
                              /opt/devkitpro/libctru/lib/libctru.a(romfs_dev.o) (__ctru_dev_utf16_buf)
/opt/devkitpro/libctru/lib/libctru.a(gfx.o)
                              /opt/devkitpro/libctru/lib/libcitro2d.a(base.o) (gfxIsWide)
/opt/devkitpro/libctru/lib/libctru.a(shaderProgram.o)
                              /opt/devkitpro/libctru/lib/libcitro2d.a(base.o) (shaderInstanceGetUniformLocation)
/opt/devkitpro/libctru/lib/libctru.a(shbin.o)
                              /opt/devkitpro/libctru/lib/libcitro2d.a(base.o) (DVLB_ParseFile)
/opt/devkitpro/libctru/lib/libctru.a(gx.o)
                              /opt/devkitpro/libctru/lib/libcitro3d.a(renderqueue.o) (GX_BindQueue)
/opt/devkitpro/libctru/lib/libctru.a(gxqueue.o)
                              /opt/devkitpro/libctru/lib/libcitro3d.a(renderqueue.o) (gxCmdQueueClear)
/opt/devkitpro/libctru/lib/libctru.a(gpu.o)
[...]
Memory Configuration

Name             Origin             Length             Attributes
*default*        0x0000000000000000 0xffffffffffffffff

Linker script and memory map

                0x0000000000100000                PROVIDE (__start__ = 0x100000)
                0x0000000000100000                . = __start__

.text           0x0000000000100000    0x2ac34
 *(.crt0)
 .crt0          0x0000000000100000       0x94 /opt/devkitpro/devkitARM/bin/../lib/gcc/arm-none-eabi/11.1.0/../../../../arm-none-eabi/lib/armv6k/fpu/3dsx_crt0.o
                0x0000000000100000                _start
                0x0000000000100008                __service_ptr
                0x000000000010000c                __apt_appid
                0x0000000000100010                __heap_size
                0x0000000000100014                __linear_heap_size
                0x0000000000100018                __system_arglist
                0x000000000010001c                __system_runflags
 *(.init)
 .init          0x0000000000100094        0xc /opt/devkitpro/devkitARM/bin/../lib/gcc/arm-none-eabi/11.1.0/armv6k/fpu/crti.o
                0x0000000000100094                _init
 .init          0x00000000001000a0        0xc /opt/devkitpro/devkitARM/bin/../lib/gcc/arm-none-eabi/11.1.0/armv6k/fpu/crtn.o
                0x00000000001000ac                . = ALIGN (0x4)
 *(.text)
 .text          0x00000000001000ac      0x20c /opt/devkitpro/devkitARM/bin/../lib/gcc/arm-none-eabi/11.1.0/armv6k/fpu/libgcc.a(_udivsi3.o)
                0x00000000001000ac                __udivsi3
                0x00000000001000ac                __aeabi_uidiv
                0x0000000000100298                __aeabi_uidivmod
 .text          0x00000000001002b8      0x240 /opt/devkitpro/devkitARM/bin/../lib/gcc/arm-none-eabi/11.1.0/armv6k/fpu/libgcc.a(_divsi3.o)
                0x00000000001002b8                __aeabi_idiv
                0x00000000001002b8                __divsi3
                0x00000000001004d8                __aeabi_idivmod
 .text          0x00000000001004f8        0x4 /opt/devkitpro/devkitARM/bin/../lib/gcc/arm-none-eabi/11.1.0/armv6k/fpu/libgcc.a(_dvmd_tls.o)
                0x00000000001004f8                __aeabi_ldiv0
                0x00000000001004f8                __aeabi_idiv0
 .text          0x00000000001004fc      0x3c0 /opt/devkitpro/devkitARM/bin/../lib/gcc/arm-none-eabi/11.1.0/armv6k/fpu/libgcc.a(_arm_addsubdf3.o)
                0x00000000001004fc                __aeabi_drsub
                0x0000000000100504                __aeabi_dsub
                0x0000000000100504                __subdf3
                0x0000000000100508                __adddf3
                0x0000000000100508                __aeabi_dadd
                0x00000000001007b4                __aeabi_ui2d
                0x00000000001007b4                __floatunsidf
                0x00000000001007d8                __floatsidf
                0x00000000001007d8                __aeabi_i2d
                0x0000000000100800                __extendsfdf2
                0x0000000000100800                __aeabi_f2d
                0x0000000000100848                __aeabi_ul2d
                0x0000000000100848                __floatundidf
                0x000000000010085c                __floatdidf
                0x000000000010085c                __aeabi_l2d
 .text          0x00000000001008bc       0xd4 /opt/devkitpro/devkitARM/bin/../lib/gcc/arm-none-eabi/11.1.0/armv6k/fpu/libgcc.a(_aeabi_ldivmod.o)
                0x00000000001008bc                __aeabi_ldivmod
 .text          0x0000000000100990       0x3c /opt/devkitpro/devkitARM/bin/../lib/gcc/arm-none-eabi/11.1.0/armv6k/fpu/libgcc.a(_aeabi_uldivmod.o)
                0x0000000000100990                __aeabi_uldivmod
 *fill*         0x00000000001009cc       0x14 
 .text          0x00000000001009e0      0x390 /opt/devkitpro/devkitARM/bin/../lib/gcc/arm-none-eabi/11.1.0/../../../../arm-none-eabi/lib/armv6k/fpu/libg.a(lib_a-strcmp.o)
                0x00000000001009e8                strcmp
 *(.text.*)
 .text.__do_global_dtors_aux
                0x0000000000100d70       0x40 /opt/devkitpro/devkitARM/bin/../lib/gcc/arm-none-eabi/11.1.0/armv6k/fpu/crtbegin.o
 .text.frame_dummy
                0x0000000000100db0       0x2c /opt/devkitpro/devkitARM/bin/../lib/gcc/arm-none-eabi/11.1.0/armv6k/fpu/crtbegin.o
 .text.initialize_object
                0x0000000000100ddc      0x170 sprite_animation_manager.o
                0x0000000000100ddc                initialize_object
 .text.deinitialize_object
                0x0000000000100f4c        0x8 sprite_animation_manager.o
                0x0000000000100f4c                deinitialize_object
 .text.draw_sprite_animation
                0x0000000000100f54       0xa8 sprite_animation_manager.o
                0x0000000000100f54                draw_sprite_animation
 *fill*         0x0000000000100ffc        0x4 
 .text.startup.main
                0x0000000000101000      0x240 main.o
                0x0000000000101000                main
 .text.C2Di_FrameEndHook
                0x0000000000101240       0x34 /opt/devkitpro/libctru/lib/libcitro2d.a(base.o)
 *fill*         0x0000000000101274        0x4 
 .text.C2D_Init
                0x0000000000101278      0x330 /opt/devkitpro/libctru/lib/libcitro2d.a(base.o)
                0x0000000000101278                C2D_Init
 .text.C2D_Fini
                0x00000000001015a8       0x44 /opt/devkitpro/libctru/lib/libcitro2d.a(base.o)
                0x00000000001015a8                C2D_Fini
 .text.C2D_Prepare
                0x00000000001015ec       0xd0 /opt/devkitpro/libctru/lib/libcitro2d.a(base.o)
                0x00000000001015ec                C2D_Prepare
 .text.C2D_Flush
                0x00000000001016bc       0x3c /opt/devkitpro/libctru/lib/libcitro2d.a(base.o)
                0x00000000001016bc                C2D_Flush
 .text.C2D_SceneSize
                0x00000000001016f8      0x108 /opt/devkitpro/libctru/lib/libcitro2d.a(base.o)
                0x00000000001016f8                C2D_SceneSize
 .text.C2D_CreateScreenTarget
                0x0000000000101800       0x58 /opt/devkitpro/libctru/lib/libcitro2d.a(base.o)
                0x0000000000101800                C2D_CreateScreenTarget
 .text.C2D_TargetClear
                0x0000000000101858       0x58 /opt/devkitpro/libctru/lib/libcitro2d.a(base.o)
                0x0000000000101858                C2D_TargetClear
 .text.C2Di_CalcQuad
                0x00000000001018b0      0x13c /opt/devkitpro/libctru/lib/libcitro2d.a(base.o)
                0x00000000001018b0                C2Di_CalcQuad
 .text.C2Di_Update
                0x00000000001019ec      0x22c /opt/devkitpro/libctru/lib/libcitro2d.a(base.o)
                0x00000000001019ec                C2Di_Update
 .text.C2D_DrawImage
                0x0000000000101c18      0x2f8 /opt/devkitpro/libctru/lib/libcitro2d.a(base.o)
                0x0000000000101c18                C2D_DrawImage
 .text.C2D_SpriteSheetLoadFromHandle
                0x0000000000101f10       0x6c /opt/devkitpro/libctru/lib/libcitro2d.a(spritesheet.o)
                0x0000000000101f10                C2D_SpriteSheetLoadFromHandle
 .text.C2D_SpriteSheetLoad
                0x0000000000101f7c       0x48 /opt/devkitpro/libctru/lib/libcitro2d.a(spritesheet.o)
                0x0000000000101f7c                C2D_SpriteSheetLoad
 .text.C2D_SpriteSheetFree
                0x0000000000101fc4       0x28 /opt/devkitpro/libctru/lib/libcitro2d.a(spritesheet.o)
                0x0000000000101fc4                C2D_SpriteSheetFree
 .text.C2D_SpriteSheetCount
                0x0000000000101fec        0x8 /opt/devkitpro/libctru/lib/libcitro2d.a(spritesheet.o)
                0x0000000000101fec                C2D_SpriteSheetCount
 .text.C2D_SpriteSheetGetImage
                0x0000000000101ff4       0x2c /opt/devkitpro/libctru/lib/libcitro2d.a(spritesheet.o)
                0x0000000000101ff4                C2D_SpriteSheetGetImage
 .text.C3Di_LightEnvUpdate
                0x0000000000102020        0x4 /opt/devkitpro/libctru/lib/libcitro3d.a(base.o)
                0x0000000000102020                C3Di_LightEnvUpdate
 .text.C3Di_LightEnvDirty
                0x0000000000102024        0x4 /opt/devkitpro/libctru/lib/libcitro3d.a(base.o)
                0x0000000000102024                C3Di_LightEnvDirty
 .text.C3Di_AptEventHook
                0x0000000000102028       0xb4 /opt/devkitpro/libctru/lib/libcitro3d.a(base.o)
 .text.C3Di_GasUpdate
                0x00000000001020dc        0x4 /opt/devkitpro/libctru/lib/libcitro3d.a(base.o)
                0x00000000001020dc                C3Di_GasUpdate
 .text.C3D_Init
                0x00000000001020e0      0x1e0 /opt/devkitpro/libctru/lib/libcitro3d.a(base.o)
                0x00000000001020e0                C3D_Init
 .text.C3D_SetViewport
                0x00000000001022c0       0x98 /opt/devkitpro/libctru/lib/libcitro3d.a(base.o)
                0x00000000001022c0                C3D_SetViewport
 .text.C3Di_UpdateContext
                0x0000000000102358      0x4ec /opt/devkitpro/libctru/lib/libcitro3d.a(base.o)
                0x0000000000102358                C3Di_UpdateContext
 .text.C3Di_SplitFrame
                0x0000000000102844       0xe0 /opt/devkitpro/libctru/lib/libcitro3d.a(base.o)
                0x0000000000102844                C3Di_SplitFrame
 .text.C3D_GetCmdBufUsage
                0x0000000000102924       0x10 /opt/devkitpro/libctru/lib/libcitro3d.a(base.o)
                0x0000000000102924                C3D_GetCmdBufUsage
 .text.C3D_Fini
                0x0000000000102934       0x44 /opt/devkitpro/libctru/lib/libcitro3d.a(base.o)
                0x0000000000102934                C3D_Fini
 .text.C3D_BindProgram
                0x0000000000102978      0x108 /opt/devkitpro/libctru/lib/libcitro3d.a(base.o)
                0x0000000000102978                C3D_BindProgram
 .text.onVBlank0
                0x0000000000102a80       0x4c /opt/devkitpro/libctru/lib/libcitro3d.a(renderqueue.o)
 .text.onVBlank1
                0x0000000000102acc       0x4c /opt/devkitpro/libctru/lib/libcitro3d.a(renderqueue.o)
 .text.C3Di_RenderTargetDestroy
                0x0000000000102b18       0x80 /opt/devkitpro/libctru/lib/libcitro3d.a(renderqueue.o)
 .text.onQueueFinish
                0x0000000000102b98       0xf4 /opt/devkitpro/libctru/lib/libcitro3d.a(renderqueue.o)
 .text.C3Di_RenderQueueEnableVBlank
                0x0000000000102c8c       0x38 /opt/devkitpro/libctru/lib/libcitro3d.a(renderqueue.o)
                0x0000000000102c8c                C3Di_RenderQueueEnableVBlank
 .text.C3Di_RenderQueueDisableVBlank
                0x0000000000102cc4       0x30 /opt/devkitpro/libctru/lib/libcitro3d.a(renderqueue.o)
                0x0000000000102cc4                C3Di_RenderQueueDisableVBlank
 .text.C3Di_RenderQueueInit
                0x0000000000102cf4       0x60 /opt/devkitpro/libctru/lib/libcitro3d.a(renderqueue.o)
                0x0000000000102cf4                C3Di_RenderQueueInit
 .text.C3Di_RenderQueueExit
                0x0000000000102d54       0xb0 /opt/devkitpro/libctru/lib/libcitro3d.a(renderqueue.o)
                0x0000000000102d54                C3Di_RenderQueueExit
 .text.C3Di_RenderQueueWaitDone
                0x0000000000102e04       0x34 /opt/devkitpro/libctru/lib/libcitro3d.a(renderqueue.o)
                0x0000000000102e04                C3Di_RenderQueueWaitDone
 .text.C3D_FrameBegin
                0x0000000000102e38       0xe4 /opt/devkitpro/libctru/lib/libcitro3d.a(renderqueue.o)
                0x0000000000102e38                C3D_FrameBegin
 .text.C3D_FrameDrawOn
                0x0000000000102f1c       0x48 /opt/devkitpro/libctru/lib/libcitro3d.a(renderqueue.o)
                0x0000000000102f1c                C3D_FrameDrawOn
 .text.C3D_FrameSplit
                0x0000000000102f64       0x58 /opt/devkitpro/libctru/lib/libcitro3d.a(renderqueue.o)
                0x0000000000102f64                C3D_FrameSplit
 .text.C3D_FrameEnd
                0x0000000000102fbc      0x1d8 /opt/devkitpro/libctru/lib/libcitro3d.a(renderqueue.o)
                0x0000000000102fbc                C3D_FrameEnd
 .text.C3D_FrameEndHook
                0x0000000000103194       0x1c /opt/devkitpro/libctru/lib/libcitro3d.a(renderqueue.o)
                0x0000000000103194                C3D_FrameEndHook
 .text.C3D_GetDrawingTime
                0x00000000001031b0       0x18 /opt/devkitpro/libctru/lib/libcitro3d.a(renderqueue.o)
                0x00000000001031b0                C3D_GetDrawingTime
 .text.C3D_GetProcessingTime
                0x00000000001031c8       0x18 /opt/devkitpro/libctru/lib/libcitro3d.a(renderqueue.o)
                0x00000000001031c8                C3D_GetProcessingTime
 .text.C3D_RenderTargetCreate
                0x00000000001031e0      0x128 /opt/devkitpro/libctru/lib/libcitro3d.a(renderqueue.o)
                0x00000000001031e0                C3D_RenderTargetCreate
 .text.C3D_RenderTargetSetOutput
                0x0000000000103308       0xa8 /opt/devkitpro/libctru/lib/libcitro3d.a(renderqueue.o)
                0x0000000000103308                C3D_RenderTargetSetOutput
 .text.C3D_SyncTextureCopy
                0x00000000001033b0       0xfc /opt/devkitpro/libctru/lib/libcitro3d.a(renderqueue.o)
                0x00000000001033b0                C3D_SyncTextureCopy
 .text.C3D_TexInitWithParams
                0x00000000001034ac      0x2a0 /opt/devkitpro/libctru/lib/libcitro3d.a(texture.o)
                0x00000000001034ac                C3D_TexInitWithParams
 .text.C3D_TexLoadImage
                0x000000000010374c       0xc8 /opt/devkitpro/libctru/lib/libcitro3d.a(texture.o)
                0x000000000010374c                C3D_TexLoadImage
 .text.C3D_TexBind
                0x0000000000103814       0x44 /opt/devkitpro/libctru/lib/libcitro3d.a(texture.o)
                0x0000000000103814                C3D_TexBind
 .text.C3D_TexDelete
                0x0000000000103858       0x74 /opt/devkitpro/libctru/lib/libcitro3d.a(texture.o)
                0x0000000000103858                C3D_TexDelete
 .text.C3Di_SetTex
                0x00000000001038cc      0x16c /opt/devkitpro/libctru/lib/libcitro3d.a(texture.o)
                0x00000000001038cc                C3Di_SetTex
 .text.Tex3DSi_ImportCommon
                0x0000000000103a38      0x3f4 /opt/devkitpro/libctru/lib/libcitro3d.a(tex3ds.o)
 .text.Tex3DS_TextureImportStdio
                0x0000000000103e2c       0x38 /opt/devkitpro/libctru/lib/libcitro3d.a(tex3ds.o)
                0x0000000000103e2c                Tex3DS_TextureImportStdio
 .text.Tex3DS_GetNumSubTextures
                0x0000000000103e64        0x8 /opt/devkitpro/libctru/lib/libcitro3d.a(tex3ds.o)
                0x0000000000103e64                Tex3DS_GetNumSubTextures
 .text.Tex3DS_GetSubTexture
                0x0000000000103e6c       0x1c /opt/devkitpro/libctru/lib/libcitro3d.a(tex3ds.o)
                0x0000000000103e6c                Tex3DS_GetSubTexture
 .text.Tex3DS_TextureFree
                0x0000000000103e88        0x4 /opt/devkitpro/libctru/lib/libcitro3d.a(tex3ds.o)
                0x0000000000103e88                Tex3DS_TextureFree
 .text.C3D_CalcColorBufSize
                0x0000000000103e8c       0x1c /opt/devkitpro/libctru/lib/libcitro3d.a(framebuffer.o)
                0x0000000000103e8c                C3D_CalcColorBufSize
 .text.C3D_CalcDepthBufSize
                0x0000000000103ea8       0x1c /opt/devkitpro/libctru/lib/libcitro3d.a(framebuffer.o)
                0x0000000000103ea8                C3D_CalcDepthBufSize
 .text.C3D_SetFrameBuf
                0x0000000000103ec4       0x44 /opt/devkitpro/libctru/lib/libcitro3d.a(framebuffer.o)
                0x0000000000103ec4                C3D_SetFrameBuf
 .text.C3Di_FrameBufBind
                0x0000000000103f08      0x16c /opt/devkitpro/libctru/lib/libcitro3d.a(framebuffer.o)
                0x0000000000103f08                C3Di_FrameBufBind
 .text.C3D_FrameBufClear
                0x0000000000104074       0xcc /opt/devkitpro/libctru/lib/libcitro3d.a(framebuffer.o)
                0x0000000000104074                C3D_FrameBufClear
 .text.C3D_FrameBufTransfer
                0x0000000000104140       0x44 /opt/devkitpro/libctru/lib/libcitro3d.a(framebuffer.o)
                0x0000000000104140                C3D_FrameBufTransfer
 .text.C3D_GetTexEnv
                0x0000000000104184       0x34 /opt/devkitpro/libctru/lib/libcitro3d.a(texenv.o)
                0x0000000000104184                C3D_GetTexEnv
 .text.C3Di_TexEnvBind
                0x00000000001041b8       0x24 /opt/devkitpro/libctru/lib/libcitro3d.a(texenv.o)
                0x00000000001041b8                C3Di_TexEnvBind
 .text.C3D_ProcTexInit
                0x00000000001041dc       0x70 /opt/devkitpro/libctru/lib/libcitro3d.a(proctex.o)
                0x00000000001041dc                C3D_ProcTexInit
 .text.C3D_ProcTexBind
                0x000000000010424c       0x54 /opt/devkitpro/libctru/lib/libcitro3d.a(proctex.o)
                0x000000000010424c                C3D_ProcTexBind
 .text.C3D_ProcTexLutBind
                0x00000000001042a0       0x5c /opt/devkitpro/libctru/lib/libcitro3d.a(proctex.o)
                0x00000000001042a0                C3D_ProcTexLutBind
 .text.ProcTexLut_FromArray
                0x00000000001042fc       0xa4 /opt/devkitpro/libctru/lib/libcitro3d.a(proctex.o)
                0x00000000001042fc                ProcTexLut_FromArray
 .text.C3Di_ProcTexUpdate
                0x00000000001043a0      0x17c /opt/devkitpro/libctru/lib/libcitro3d.a(proctex.o)
                0x00000000001043a0                C3Di_ProcTexUpdate
 .text.C3Di_ProcTexDirty
                0x000000000010451c       0x68 /opt/devkitpro/libctru/lib/libcitro3d.a(proctex.o)
                0x000000000010451c                C3Di_ProcTexDirty
 .text.BufInfo_Init
                0x0000000000104584       0x24 /opt/devkitpro/libctru/lib/libcitro3d.a(buffers.o)
                0x0000000000104584                BufInfo_Init
 .text.BufInfo_Add
                0x00000000001045a8       0x80 /opt/devkitpro/libctru/lib/libcitro3d.a(buffers.o)
                0x00000000001045a8                BufInfo_Add
 .text.C3D_SetBufInfo
                0x0000000000104628       0x40 /opt/devkitpro/libctru/lib/libcitro3d.a(buffers.o)
                0x0000000000104628                C3D_SetBufInfo
 .text.C3Di_BufInfoBind
                0x0000000000104668       0x48 /opt/devkitpro/libctru/lib/libcitro3d.a(buffers.o)
                0x0000000000104668                C3Di_BufInfoBind
 .text.C3D_DrawArrays
                0x00000000001046b0      0x148 /opt/devkitpro/libctru/lib/libcitro3d.a(drawArrays.o)
                0x00000000001046b0                C3D_DrawArrays
 .text.C3D_DepthMap
                0x00000000001047f8       0x40 /opt/devkitpro/libctru/lib/libcitro3d.a(effect.o)
                0x00000000001047f8                C3D_DepthMap
 .text.C3D_CullFace
                0x0000000000104838       0x1c /opt/devkitpro/libctru/lib/libcitro3d.a(effect.o)
                0x0000000000104838                C3D_CullFace
 .text.C3D_StencilTest
                0x0000000000104854       0x40 /opt/devkitpro/libctru/lib/libcitro3d.a(effect.o)
                0x0000000000104854                C3D_StencilTest
 .text.C3D_StencilOp
                0x0000000000104894       0x24 /opt/devkitpro/libctru/lib/libcitro3d.a(effect.o)
                0x0000000000104894                C3D_StencilOp
 .text.C3D_BlendingColor
                0x00000000001048b8       0x1c /opt/devkitpro/libctru/lib/libcitro3d.a(effect.o)
                0x00000000001048b8                C3D_BlendingColor
 .text.C3D_EarlyDepthTest
                0x00000000001048d4       0x24 /opt/devkitpro/libctru/lib/libcitro3d.a(effect.o)
                0x00000000001048d4                C3D_EarlyDepthTest
 .text.C3D_DepthTest
                0x00000000001048f8       0x2c /opt/devkitpro/libctru/lib/libcitro3d.a(effect.o)
                0x00000000001048f8                C3D_DepthTest
 .text.C3D_AlphaTest
                0x0000000000104924       0x2c /opt/devkitpro/libctru/lib/libcitro3d.a(effect.o)
                0x0000000000104924                C3D_AlphaTest
 .text.C3D_AlphaBlend
                0x0000000000104950       0x50 /opt/devkitpro/libctru/lib/libcitro3d.a(effect.o)
                0x0000000000104950                C3D_AlphaBlend
 .text.C3D_FragOpMode
                0x00000000001049a0       0x30 /opt/devkitpro/libctru/lib/libcitro3d.a(effect.o)
                0x00000000001049a0                C3D_FragOpMode
 .text.C3D_FragOpShadow
                0x00000000001049d0       0x44 /opt/devkitpro/libctru/lib/libcitro3d.a(effect.o)
                0x00000000001049d0                C3D_FragOpShadow
 .text.C3Di_EffectBind
                0x0000000000104a14      0x1ac /opt/devkitpro/libctru/lib/libcitro3d.a(effect.o)
                0x0000000000104a14                C3Di_EffectBind
 .text.AttrInfo_Init
                0x0000000000104bc0       0x28 /opt/devkitpro/libctru/lib/libcitro3d.a(attribs.o)
                0x0000000000104bc0                AttrInfo_Init
 .text.AttrInfo_AddLoader
                0x0000000000104be8       0x98 /opt/devkitpro/libctru/lib/libcitro3d.a(attribs.o)
                0x0000000000104be8                AttrInfo_AddLoader
 .text.C3D_SetAttrInfo
                0x0000000000104c80       0x54 /opt/devkitpro/libctru/lib/libcitro3d.a(attribs.o)
                0x0000000000104c80                C3D_SetAttrInfo
 .text.C3Di_AttrInfoBind
                0x0000000000104cd4       0x80 /opt/devkitpro/libctru/lib/libcitro3d.a(attribs.o)
                0x0000000000104cd4                C3Di_AttrInfoBind
 .text.C3D_ImmSendAttrib
                0x0000000000104d54       0xa8 /opt/devkitpro/libctru/lib/libcitro3d.a(immediate.o)
                0x0000000000104d54                C3D_ImmSendAttrib
 .text.C3D_UpdateUniforms
                0x0000000000104dfc      0x29c /opt/devkitpro/libctru/lib/libcitro3d.a(uniforms.o)
                0x0000000000104dfc                C3D_UpdateUniforms
 .text.C3Di_DirtyUniforms
                0x0000000000105098       0xc0 /opt/devkitpro/libctru/lib/libcitro3d.a(uniforms.o)
                0x0000000000105098                C3Di_DirtyUniforms
 .text.C3Di_LoadShaderUniforms
                0x0000000000105158       0xd8 /opt/devkitpro/libctru/lib/libcitro3d.a(uniforms.o)
                0x0000000000105158                C3Di_LoadShaderUniforms
 .text.C3Di_ClearShaderUniforms
                0x0000000000105230       0x28 /opt/devkitpro/libctru/lib/libcitro3d.a(uniforms.o)
                0x0000000000105230                C3Di_ClearShaderUniforms
 .text.Mtx_Ortho
                0x0000000000105258       0xcc /opt/devkitpro/libctru/lib/libcitro3d.a(mtx_ortho.o)
                0x0000000000105258                Mtx_Ortho
 .text.Mtx_OrthoTilt
                0x0000000000105324       0xcc /opt/devkitpro/libctru/lib/libcitro3d.a(mtx_orthotilt.o)
                0x0000000000105324                Mtx_OrthoTilt
 .text._ZL21addrMapNodeComparatorPK11rbtree_nodeS1_
                0x00000000001053f0       0x24 /opt/devkitpro/libctru/lib/libctru.a(vram.o)
 .text._ZL21addrMapNodeDestructorP11rbtree_node
                0x0000000000105414        0x4 /opt/devkitpro/libctru/lib/libctru.a(vram.o)
 .text.vramMemAlign
                0x0000000000105418      0x114 /opt/devkitpro/libctru/lib/libctru.a(vram.o)
                0x0000000000105418                vramMemAlign
 .text.vramAlloc
                0x000000000010552c        0x8 /opt/devkitpro/libctru/lib/libctru.a(vram.o)
                0x000000000010552c                vramAlloc
 .text.vramFree
                0x0000000000105534       0x5c /opt/devkitpro/libctru/lib/libctru.a(vram.o)
                0x0000000000105534                vramFree
 .text._ZL21addrMapNodeComparatorPK11rbtree_nodeS1_
                0x0000000000105590       0x24 /opt/devkitpro/libctru/lib/libctru.a(linear.o)
 .text._ZL21addrMapNodeDestructorP11rbtree_node
                0x00000000001055b4        0x4 /opt/devkitpro/libctru/lib/libctru.a(linear.o)
 .text.linearMemAlign
                0x00000000001055b8      0x120 /opt/devkitpro/libctru/lib/libctru.a(linear.o)
                0x00000000001055b8                linearMemAlign
 .text.linearAlloc
                0x00000000001056d8        0x8 /opt/devkitpro/libctru/lib/libctru.a(linear.o)
                0x00000000001056d8                linearAlloc
 .text.linearFree
                0x00000000001056e0       0x5c /opt/devkitpro/libctru/lib/libctru.a(linear.o)
                0x00000000001056e0                linearFree
 .text._ZN7MemPool13CoalesceRightEP8MemBlock
                0x000000000010573c       0x84 /opt/devkitpro/libctru/lib/libctru.a(mem_pool.o)
                0x000000000010573c                MemPool::CoalesceRight(MemBlock*)
 .text._ZN7MemPool8AllocateER8MemChunkmi
                0x00000000001057c0      0x170 /opt/devkitpro/libctru/lib/libctru.a(mem_pool.o)
                0x00000000001057c0                MemPool::Allocate(MemChunk&, unsigned long, int)
 .text._ZN7MemPool10DeallocateERK8MemChunk
                0x0000000000105930       0xfc /opt/devkitpro/libctru/lib/libctru.a(mem_pool.o)
                0x0000000000105930                MemPool::Deallocate(MemChunk const&)
 .text.romfs_close
                0x0000000000105a2c        0x8 /opt/devkitpro/libctru/lib/libctru.a(romfs_dev.o)
 .text.romfs_seek
                0x0000000000105a34       0xc8 /opt/devkitpro/libctru/lib/libctru.a(romfs_dev.o)
 .text.romfs_dirreset
                0x0000000000105afc       0x24 /opt/devkitpro/libctru/lib/libctru.a(romfs_dev.o)
 .text.fill_dir
                0x0000000000105b20       0xc8 /opt/devkitpro/libctru/lib/libctru.a(romfs_dev.o)
 .text.romfs_dirnext
                0x0000000000105be8      0x2b0 /opt/devkitpro/libctru/lib/libctru.a(romfs_dev.o)
 .text.romfs_free
                0x0000000000105e98       0x84 /opt/devkitpro/libctru/lib/libctru.a(romfs_dev.o)
 .text.searchForFile.constprop.0
                0x0000000000105f1c       0xd4 /opt/devkitpro/libctru/lib/libctru.a(romfs_dev.o)
 .text.searchForDir.constprop.0
                0x0000000000105ff0       0xd8 /opt/devkitpro/libctru/lib/libctru.a(romfs_dev.o)
 .text.navigateToDir.constprop.0
                0x00000000001060c8      0x1c0 /opt/devkitpro/libctru/lib/libctru.a(romfs_dev.o)
 .text.romfs_open
                0x0000000000106288      0x128 /opt/devkitpro/libctru/lib/libctru.a(romfs_dev.o)
 .text.romfs_chdir
                0x00000000001063b0       0x4c /opt/devkitpro/libctru/lib/libctru.a(romfs_dev.o)
 .text.romfs_diropen
                0x00000000001063fc       0x70 /opt/devkitpro/libctru/lib/libctru.a(romfs_dev.o)
 .text.romfs_stat
                0x000000000010646c      0x17c /opt/devkitpro/libctru/lib/libctru.a(romfs_dev.o)
 .text.romfs_dirclose
                0x00000000001065e8        0x8 /opt/devkitpro/libctru/lib/libctru.a(romfs_dev.o)
 .text.romfs_fstat
                0x00000000001065f0       0x7c /opt/devkitpro/libctru/lib/libctru.a(romfs_dev.o)
 .text.romfs_read
                0x000000000010666c       0xd4 /opt/devkitpro/libctru/lib/libctru.a(romfs_dev.o)
 .text.romfsMountFromFile
                0x0000000000106740      0x290 /opt/devkitpro/libctru/lib/libctru.a(romfs_dev.o)
                0x0000000000106740                romfsMountFromFile
 .text.romfsMountFromCurrentProcess
                0x00000000001069d0       0x98 /opt/devkitpro/libctru/lib/libctru.a(romfs_dev.o)
                0x00000000001069d0                romfsMountFromCurrentProcess
 .text.romfsMountSelf
                0x0000000000106a68      0x25c /opt/devkitpro/libctru/lib/libctru.a(romfs_dev.o)
                0x0000000000106a68                romfsMountSelf
 .text.romfsUnmount
                0x0000000000106cc4       0xac /opt/devkitpro/libctru/lib/libctru.a(romfs_dev.o)
                0x0000000000106cc4                romfsUnmount
 .text.osConvertVirtToPhys
                0x0000000000106d70       0x74 /opt/devkitpro/libctru/lib/libctru.a(os.o)
                0x0000000000106d70                osConvertVirtToPhys
 .text.osGetTimeRef
                0x0000000000106de4       0x54 /opt/devkitpro/libctru/lib/libctru.a(os.o)
                0x0000000000106de4                osGetTimeRef
 .text.osGetTime
                0x0000000000106e38       0xe4 /opt/devkitpro/libctru/lib/libctru.a(os.o)
                0x0000000000106e38                osGetTime
 .text.__libctru_gtod
                0x0000000000106f1c       0x74 /opt/devkitpro/libctru/lib/libctru.a(os.o)
                0x0000000000106f1c                __libctru_gtod
 .text.osTickCounterRead
                0x0000000000106f90       0x38 /opt/devkitpro/libctru/lib/libctru.a(os.o)
                0x0000000000106f90                osTickCounterRead
 .text.__ctru_speedup_config
                0x0000000000106fc8       0x34 /opt/devkitpro/libctru/lib/libctru.a(os.o)
                0x0000000000106fc8                __ctru_speedup_config
 .text.consoleDrawChar
                0x0000000000106ffc      0x178 /opt/devkitpro/libctru/lib/libctru.a(console.o)
                0x0000000000106ffc                consoleDrawChar
 .text.consolePrintChar
                0x0000000000107174      0x124 /opt/devkitpro/libctru/lib/libctru.a(console.o)
                0x0000000000107174                consolePrintChar
 .text.con_write
                0x0000000000107298      0xa00 /opt/devkitpro/libctru/lib/libctru.a(console.o)
                0x0000000000107298                con_write
 .text.consoleInit
                0x0000000000107c98      0x168 /opt/devkitpro/libctru/lib/libctru.a(console.o)
                0x0000000000107c98                consoleInit
 .text.newRow   0x0000000000107e00       0xf4 /opt/devkitpro/libctru/lib/libctru.a(console.o)
 .text.gfxPresentFramebuffer
                0x0000000000107ef4       0xd0 /opt/devkitpro/libctru/lib/libctru.a(gfx.o)
 .text.gfxIsWide
                0x0000000000107fc4       0x1c /opt/devkitpro/libctru/lib/libctru.a(gfx.o)
                0x0000000000107fc4                gfxIsWide
 .text.gfxSetScreenFormat
                0x0000000000107fe0       0xec /opt/devkitpro/libctru/lib/libctru.a(gfx.o)
                0x0000000000107fe0                gfxSetScreenFormat
 .text.gfxSetDoubleBuffering
                0x00000000001080cc       0x10 /opt/devkitpro/libctru/lib/libctru.a(gfx.o)
                0x00000000001080cc                gfxSetDoubleBuffering
 .text.gfxInit  0x00000000001080dc      0x108 /opt/devkitpro/libctru/lib/libctru.a(gfx.o)
                0x00000000001080dc                gfxInit
 .text.gfxInitDefault
                0x00000000001081e4       0x10 /opt/devkitpro/libctru/lib/libctru.a(gfx.o)
                0x00000000001081e4                gfxInitDefault
 .text.gfxExit  0x00000000001081f4       0xb4 /opt/devkitpro/libctru/lib/libctru.a(gfx.o)
                0x00000000001081f4                gfxExit
 .text.gfxGetFramebuffer
                0x00000000001082a8       0xa0 /opt/devkitpro/libctru/lib/libctru.a(gfx.o)
                0x00000000001082a8                gfxGetFramebuffer
 .text.gfxFlushBuffers
                0x0000000000108348      0x10c /opt/devkitpro/libctru/lib/libctru.a(gfx.o)
                0x0000000000108348                gfxFlushBuffers
 .text.gfxScreenSwapBuffers
                0x0000000000108454       0x30 /opt/devkitpro/libctru/lib/libctru.a(gfx.o)
                0x0000000000108454                gfxScreenSwapBuffers
 .text.gfxSwapBuffersGpu
                0x0000000000108484       0x50 /opt/devkitpro/libctru/lib/libctru.a(gfx.o)
                0x0000000000108484                gfxSwapBuffersGpu
 .text.shaderInstanceInit
                0x00000000001084d4      0x1e0 /opt/devkitpro/libctru/lib/libctru.a(shaderProgram.o)
                0x00000000001084d4                shaderInstanceInit
 .text.shaderInstanceGetUniformLocation
                0x00000000001086b4       0x18 /opt/devkitpro/libctru/lib/libctru.a(shaderProgram.o)
                0x00000000001086b4                shaderInstanceGetUniformLocation
 .text.shaderProgramInit
                0x00000000001086cc       0x1c /opt/devkitpro/libctru/lib/libctru.a(shaderProgram.o)
                0x00000000001086cc                shaderProgramInit
 .text.shaderProgramFree
                0x00000000001086e8       0x64 /opt/devkitpro/libctru/lib/libctru.a(shaderProgram.o)
                0x00000000001086e8                shaderProgramFree
 .text.shaderProgramSetVsh
                0x000000000010874c       0x80 /opt/devkitpro/libctru/lib/libctru.a(shaderProgram.o)
                0x000000000010874c                shaderProgramSetVsh
 .text.shaderProgramConfigure
                0x00000000001087cc      0x8c0 /opt/devkitpro/libctru/lib/libctru.a(shaderProgram.o)
                0x00000000001087cc                shaderProgramConfigure
 .text.DVLE_GenerateOutmap.part.0
                0x000000000010908c      0x1f8 /opt/devkitpro/libctru/lib/libctru.a(shbin.o)
 .text.DVLB_ParseFile
                0x0000000000109284      0x1cc /opt/devkitpro/libctru/lib/libctru.a(shbin.o)
                0x0000000000109284                DVLB_ParseFile
 .text.DVLB_Free
                0x0000000000109450       0x38 /opt/devkitpro/libctru/lib/libctru.a(shbin.o)
                0x0000000000109450                DVLB_Free
 .text.DVLE_GetUniformRegister
                0x0000000000109488       0x74 /opt/devkitpro/libctru/lib/libctru.a(shbin.o)
                0x0000000000109488                DVLE_GetUniformRegister
 .text.GX_BindQueue
                0x00000000001094fc       0x10 /opt/devkitpro/libctru/lib/libctru.a(gx.o)
                0x00000000001094fc                GX_BindQueue
 .text.GX_ProcessCommandList
                0x000000000010950c       0x78 /opt/devkitpro/libctru/lib/libctru.a(gx.o)
                0x000000000010950c                GX_ProcessCommandList
 .text.GX_MemoryFill
                0x0000000000109584       0x74 /opt/devkitpro/libctru/lib/libctru.a(gx.o)
                0x0000000000109584                GX_MemoryFill
 .text.GX_DisplayTransfer
                0x00000000001095f8       0x70 /opt/devkitpro/libctru/lib/libctru.a(gx.o)
                0x00000000001095f8                GX_DisplayTransfer
 .text.GX_TextureCopy
                0x0000000000109668       0x74 /opt/devkitpro/libctru/lib/libctru.a(gx.o)
                0x0000000000109668                GX_TextureCopy
 .text.gxCmdQueueDoCommands.part.0
                0x00000000001096dc       0x68 /opt/devkitpro/libctru/lib/libctru.a(gxqueue.o)
 .text.gxCmdQueueInterrupt
                0x0000000000109744       0xc8 /opt/devkitpro/libctru/lib/libctru.a(gxqueue.o)
                0x0000000000109744                gxCmdQueueInterrupt
 .text.gxCmdQueueClear
                0x000000000010980c       0x4c /opt/devkitpro/libctru/lib/libctru.a(gxqueue.o)
                0x000000000010980c                gxCmdQueueClear
 .text.gxCmdQueueAdd
                0x0000000000109858       0xf8 /opt/devkitpro/libctru/lib/libctru.a(gxqueue.o)
                0x0000000000109858                gxCmdQueueAdd
 .text.gxCmdQueueRun
                0x0000000000109950       0x80 /opt/devkitpro/libctru/lib/libctru.a(gxqueue.o)
                0x0000000000109950                gxCmdQueueRun
 .text.gxCmdQueueStop
                0x00000000001099d0       0x60 /opt/devkitpro/libctru/lib/libctru.a(gxqueue.o)
                0x00000000001099d0                gxCmdQueueStop
 .text.gxCmdQueueWait
                0x0000000000109a30       0x74 /opt/devkitpro/libctru/lib/libctru.a(gxqueue.o)
                0x0000000000109a30                gxCmdQueueWait
 .text.GPUCMD_Add
                0x0000000000109aa4      0x13c /opt/devkitpro/libctru/lib/libctru.a(gpu.o)
                0x0000000000109aa4                GPUCMD_Add
 .text.GPUCMD_Split
                0x0000000000109be0       0xac /opt/devkitpro/libctru/lib/libctru.a(gpu.o)
                0x0000000000109be0                GPUCMD_Split
 .text.f32tof16
                0x0000000000109c8c       0x40 /opt/devkitpro/libctru/lib/libctru.a(gpu.o)
                0x0000000000109c8c                f32tof16
 .text.f32tof24
                0x0000000000109ccc       0x40 /opt/devkitpro/libctru/lib/libctru.a(gpu.o)
                0x0000000000109ccc                f32tof24
 .text.f32tof31
                0x0000000000109d0c       0x44 /opt/devkitpro/libctru/lib/libctru.a(gpu.o)
                0x0000000000109d0c                f32tof31
 .text.gspHardwareInit
                0x0000000000109d50      0xc58 /opt/devkitpro/libctru/lib/libctru.a(gspgpu.o)
 .text.gspInit  0x000000000010a9a8      0x254 /opt/devkitpro/libctru/lib/libctru.a(gspgpu.o)
                0x000000000010a9a8                gspInit
 .text.gspExit  0x000000000010abfc       0xf0 /opt/devkitpro/libctru/lib/libctru.a(gspgpu.o)
                0x000000000010abfc                gspExit
 .text.gspHasGpuRight
                0x000000000010acec       0x10 /opt/devkitpro/libctru/lib/libctru.a(gspgpu.o)
                0x000000000010acec                gspHasGpuRight
 .text.gspPresentBuffer
                0x000000000010acfc       0x98 /opt/devkitpro/libctru/lib/libctru.a(gspgpu.o)
                0x000000000010acfc                gspPresentBuffer
 .text.gspSetEventCallback
                0x000000000010ad94       0x30 /opt/devkitpro/libctru/lib/libctru.a(gspgpu.o)
                0x000000000010ad94                gspSetEventCallback
 .text.gspWaitForEvent
                0x000000000010adc4       0x50 /opt/devkitpro/libctru/lib/libctru.a(gspgpu.o)
                0x000000000010adc4                gspWaitForEvent
 .text.gspWaitForAnyEvent
                0x000000000010ae14       0x4c /opt/devkitpro/libctru/lib/libctru.a(gspgpu.o)
                0x000000000010ae14                gspWaitForAnyEvent
 .text.gspEventThreadMain
                0x000000000010ae60      0x160 /opt/devkitpro/libctru/lib/libctru.a(gspgpu.o)
 .text.gspSubmitGxCommand
                0x000000000010afc0      0x130 /opt/devkitpro/libctru/lib/libctru.a(gspgpu.o)
                0x000000000010afc0                gspSubmitGxCommand
 .text.GSPGPU_FlushDataCache
                0x000000000010b0f0       0x50 /opt/devkitpro/libctru/lib/libctru.a(gspgpu.o)
                0x000000000010b0f0                GSPGPU_FlushDataCache
 .text.GSPGPU_SetLcdForceBlack
                0x000000000010b140       0x34 /opt/devkitpro/libctru/lib/libctru.a(gspgpu.o)
                0x000000000010b140                GSPGPU_SetLcdForceBlack
 .text.GSPGPU_AcquireRight
                0x000000000010b174       0x68 /opt/devkitpro/libctru/lib/libctru.a(gspgpu.o)
                0x000000000010b174                GSPGPU_AcquireRight
 .text.GSPGPU_ReleaseRight
                0x000000000010b1dc       0x48 /opt/devkitpro/libctru/lib/libctru.a(gspgpu.o)
                0x000000000010b1dc                GSPGPU_ReleaseRight
 .text.GSPGPU_ImportDisplayCaptureInfo
                0x000000000010b224       0x7c /opt/devkitpro/libctru/lib/libctru.a(gspgpu.o)
                0x000000000010b224                GSPGPU_ImportDisplayCaptureInfo
 .text.GSPGPU_SaveVramSysArea
                0x000000000010b2a0       0x2c /opt/devkitpro/libctru/lib/libctru.a(gspgpu.o)
                0x000000000010b2a0                GSPGPU_SaveVramSysArea
 .text.GSPGPU_RestoreVramSysArea
                0x000000000010b2cc       0x2c /opt/devkitpro/libctru/lib/libctru.a(gspgpu.o)
                0x000000000010b2cc                GSPGPU_RestoreVramSysArea
 .text.aptConvertScreenForCapture
                0x000000000010b2f8      0x1b0 /opt/devkitpro/libctru/lib/libctru.a(apt.o)
 .text.aptDspSleep
                0x000000000010b4a8        0x8 /opt/devkitpro/libctru/lib/libctru.a(apt.o)
                0x000000000010b4a8                aptDspSleep
 .text.aptDspWakeup
                0x000000000010b4b0        0x4 /opt/devkitpro/libctru/lib/libctru.a(apt.o)
                0x000000000010b4b0                aptDspWakeup
 .text.aptDspCancel
                0x000000000010b4b4        0x4 /opt/devkitpro/libctru/lib/libctru.a(apt.o)
                0x000000000010b4b4                aptDspCancel
 .text.aptSendCommand
                0x000000000010b4b8      0x15c /opt/devkitpro/libctru/lib/libctru.a(apt.o)
                0x000000000010b4b8                aptSendCommand
 .text.aptExitProcess
                0x000000000010b614       0x38 /opt/devkitpro/libctru/lib/libctru.a(apt.o)
 .text.aptExit  0x000000000010b64c      0x2f0 /opt/devkitpro/libctru/lib/libctru.a(apt.o)
                0x000000000010b64c                aptExit
 .text.aptHandleSleep
                0x000000000010b93c       0xd8 /opt/devkitpro/libctru/lib/libctru.a(apt.o)
                0x000000000010b93c                aptHandleSleep
 .text.aptHook  0x000000000010ba14       0x30 /opt/devkitpro/libctru/lib/libctru.a(apt.o)
                0x000000000010ba14                aptHook
 .text.aptUnhook
                0x000000000010ba44       0x30 /opt/devkitpro/libctru/lib/libctru.a(apt.o)
                0x000000000010ba44                aptUnhook
 .text.APT_SleepIfShellClosed
                0x000000000010ba74       0x84 /opt/devkitpro/libctru/lib/libctru.a(apt.o)
                0x000000000010ba74                APT_SleepIfShellClosed
 .text.aptSetSleepAllowed
                0x000000000010baf8       0x84 /opt/devkitpro/libctru/lib/libctru.a(apt.o)
                0x000000000010baf8                aptSetSleepAllowed
 .text.APT_UnlockTransition
                0x000000000010bb7c       0x84 /opt/devkitpro/libctru/lib/libctru.a(apt.o)
                0x000000000010bb7c                APT_UnlockTransition
 .text.aptEventHandler
                0x000000000010bc00      0x484 /opt/devkitpro/libctru/lib/libctru.a(apt.o)
 .text.APT_ReceiveParameter
                0x000000000010c084       0xb0 /opt/devkitpro/libctru/lib/libctru.a(apt.o)
                0x000000000010c084                APT_ReceiveParameter
 .text.aptReceiveParameter.constprop.0
                0x000000000010c134       0xb0 /opt/devkitpro/libctru/lib/libctru.a(apt.o)
 *fill*         0x000000000010c1e4        0x4 
 .text.aptScreenTransfer
                0x000000000010c1e8      0x2bc /opt/devkitpro/libctru/lib/libctru.a(apt.o)
 .text.aptWaitForWakeUp.isra.0
                0x000000000010c4a4      0x2d0 /opt/devkitpro/libctru/lib/libctru.a(apt.o)
 .text.aptJumpToHomeMenu
                0x000000000010c774       0xf8 /opt/devkitpro/libctru/lib/libctru.a(apt.o)
                0x000000000010c774                aptJumpToHomeMenu
 .text.aptMainLoop
                0x000000000010c86c       0x4c /opt/devkitpro/libctru/lib/libctru.a(apt.o)
                0x000000000010c86c                aptMainLoop
 .text.aptInit  0x000000000010c8b8      0x234 /opt/devkitpro/libctru/lib/libctru.a(apt.o)
                0x000000000010c8b8                aptInit
 .text.APT_CheckNew3DS
                0x000000000010caec       0x7c /opt/devkitpro/libctru/lib/libctru.a(apt.o)
                0x000000000010caec                APT_CheckNew3DS
 .text.hidShouldUseIrrst
                0x000000000010cb68       0x24 /opt/devkitpro/libctru/lib/libctru.a(hid.o)
                0x000000000010cb68                hidShouldUseIrrst
 .text.hidInit  0x000000000010cb8c      0x18c /opt/devkitpro/libctru/lib/libctru.a(hid.o)
                0x000000000010cb8c                hidInit
 .text.hidExit  0x000000000010cd18       0xe8 /opt/devkitpro/libctru/lib/libctru.a(hid.o)
                0x000000000010cd18                hidExit
 .text.hidScanInput
                0x000000000010ce00      0x294 /opt/devkitpro/libctru/lib/libctru.a(hid.o)
                0x000000000010ce00                hidScanInput
 .text.hidKeysHeld
                0x000000000010d094       0x10 /opt/devkitpro/libctru/lib/libctru.a(hid.o)
                0x000000000010d094                hidKeysHeld
 .text.hidKeysDown
                0x000000000010d0a4       0x10 /opt/devkitpro/libctru/lib/libctru.a(hid.o)
                0x000000000010d0a4                hidKeysDown
 .text.ptmSysmInit
                0x000000000010d0b4       0x74 /opt/devkitpro/libctru/lib/libctru.a(ptmsysm.o)
                0x000000000010d0b4                ptmSysmInit
 .text.ptmSysmExit
                0x000000000010d128       0x3c /opt/devkitpro/libctru/lib/libctru.a(ptmsysm.o)
                0x000000000010d128                ptmSysmExit
 .text.PTMSYSM_ConfigureNew3DSCPU
                0x000000000010d164       0x34 /opt/devkitpro/libctru/lib/libctru.a(ptmsysm.o)
                0x000000000010d164                PTMSYSM_ConfigureNew3DSCPU
 .text.fsInit   0x000000000010d198       0xc8 /opt/devkitpro/libctru/lib/libctru.a(fs.o)
                0x000000000010d198                fsInit
 .text.fsExit   0x000000000010d260       0x3c /opt/devkitpro/libctru/lib/libctru.a(fs.o)
                0x000000000010d260                fsExit
 .text.fsExemptFromSession
                0x000000000010d29c       0x60 /opt/devkitpro/libctru/lib/libctru.a(fs.o)
                0x000000000010d29c                fsExemptFromSession
 .text.fsUnexemptFromSession
                0x000000000010d2fc       0x50 /opt/devkitpro/libctru/lib/libctru.a(fs.o)
                0x000000000010d2fc                fsUnexemptFromSession
 .text.FSUSER_OpenFile
                0x000000000010d34c       0xcc /opt/devkitpro/libctru/lib/libctru.a(fs.o)
                0x000000000010d34c                FSUSER_OpenFile
 .text.FSUSER_OpenFileDirectly
                0x000000000010d418       0xd4 /opt/devkitpro/libctru/lib/libctru.a(fs.o)
                0x000000000010d418                FSUSER_OpenFileDirectly
 .text.FSUSER_DeleteFile
                0x000000000010d4ec       0xbc /opt/devkitpro/libctru/lib/libctru.a(fs.o)
                0x000000000010d4ec                FSUSER_DeleteFile
 .text.FSUSER_RenameFile
                0x000000000010d5a8       0xf8 /opt/devkitpro/libctru/lib/libctru.a(fs.o)
                0x000000000010d5a8                FSUSER_RenameFile
 .text.FSUSER_DeleteDirectory
                0x000000000010d6a0       0xbc /opt/devkitpro/libctru/lib/libctru.a(fs.o)
                0x000000000010d6a0                FSUSER_DeleteDirectory
 .text.FSUSER_CreateFile
                0x000000000010d75c       0xd4 /opt/devkitpro/libctru/lib/libctru.a(fs.o)
                0x000000000010d75c                FSUSER_CreateFile
 .text.FSUSER_CreateDirectory
                0x000000000010d830       0xc4 /opt/devkitpro/libctru/lib/libctru.a(fs.o)
                0x000000000010d830                FSUSER_CreateDirectory
 .text.FSUSER_RenameDirectory
                0x000000000010d8f4       0xf8 /opt/devkitpro/libctru/lib/libctru.a(fs.o)
                0x000000000010d8f4                FSUSER_RenameDirectory
 .text.FSUSER_OpenDirectory
                0x000000000010d9ec       0xb4 /opt/devkitpro/libctru/lib/libctru.a(fs.o)
                0x000000000010d9ec                FSUSER_OpenDirectory
 .text.FSUSER_OpenArchive
                0x000000000010daa0       0x94 /opt/devkitpro/libctru/lib/libctru.a(fs.o)
                0x000000000010daa0                FSUSER_OpenArchive
 .text.FSUSER_CloseArchive
                0x000000000010db34       0x8c /opt/devkitpro/libctru/lib/libctru.a(fs.o)
                0x000000000010db34                FSUSER_CloseArchive
 .text.FSUSER_GetSdmcArchiveResource
                0x000000000010dbc0       0x74 /opt/devkitpro/libctru/lib/libctru.a(fs.o)
                0x000000000010dbc0                FSUSER_GetSdmcArchiveResource
 .text.FSUSER_IsSdmcWritable
                0x000000000010dc34       0x64 /opt/devkitpro/libctru/lib/libctru.a(fs.o)
                0x000000000010dc34                FSUSER_IsSdmcWritable
 .text.FSFILE_Read
                0x000000000010dc98       0x58 /opt/devkitpro/libctru/lib/libctru.a(fs.o)
                0x000000000010dc98                FSFILE_Read
 .text.FSFILE_Write
                0x000000000010dcf0       0x60 /opt/devkitpro/libctru/lib/libctru.a(fs.o)
                0x000000000010dcf0                FSFILE_Write
 .text.FSFILE_GetSize
                0x000000000010dd50       0x38 /opt/devkitpro/libctru/lib/libctru.a(fs.o)
                0x000000000010dd50                FSFILE_GetSize
 .text.FSFILE_SetSize
                0x000000000010dd88       0x28 /opt/devkitpro/libctru/lib/libctru.a(fs.o)
                0x000000000010dd88                FSFILE_SetSize
 .text.FSFILE_Close
                0x000000000010ddb0       0x3c /opt/devkitpro/libctru/lib/libctru.a(fs.o)
                0x000000000010ddb0                FSFILE_Close
 .text.FSFILE_Flush
                0x000000000010ddec       0x24 /opt/devkitpro/libctru/lib/libctru.a(fs.o)
                0x000000000010ddec                FSFILE_Flush
 .text.FSDIR_Read
                0x000000000010de10       0x50 /opt/devkitpro/libctru/lib/libctru.a(fs.o)
                0x000000000010de10                FSDIR_Read
 .text.FSDIR_Close
                0x000000000010de60       0x3c /opt/devkitpro/libctru/lib/libctru.a(fs.o)
                0x000000000010de60                FSDIR_Close
 .text.buffer_read
                0x000000000010de9c       0xcc /opt/devkitpro/libctru/lib/libctru.a(decompress.o)
 .text.iov_read
                0x000000000010df68       0xd0 /opt/devkitpro/libctru/lib/libctru.a(decompress.o)
 .text.iov_memmove
                0x000000000010e038      0x128 /opt/devkitpro/libctru/lib/libctru.a(decompress.o)
 .text.decompress_rle
                0x000000000010e160      0x1d8 /opt/devkitpro/libctru/lib/libctru.a(decompress.o)
 .text.decompress_lzss
                0x000000000010e338      0x258 /opt/devkitpro/libctru/lib/libctru.a(decompress.o)
 .text.decompress_huff.part.0
                0x000000000010e590      0x2ec /opt/devkitpro/libctru/lib/libctru.a(decompress.o)
 .text.decompress_lz11
                0x000000000010e87c      0x440 /opt/devkitpro/libctru/lib/libctru.a(decompress.o)
 .text.decompressCallback_Stdio
                0x000000000010ecbc       0x10 /opt/devkitpro/libctru/lib/libctru.a(decompress.o)
                0x000000000010ecbc                decompressCallback_Stdio
 .text.decompressHeader
                0x000000000010eccc       0xe4 /opt/devkitpro/libctru/lib/libctru.a(decompress.o)
                0x000000000010eccc                decompressHeader
 .text.decompressV
                0x000000000010edb0      0x250 /opt/devkitpro/libctru/lib/libctru.a(decompress.o)
                0x000000000010edb0                decompressV
 .text.rbtree_init
                0x000000000010f000       0x10 /opt/devkitpro/libctru/lib/libctru.a(rbtree_init.o)
                0x000000000010f000                rbtree_init
 .text.do_insert
                0x000000000010f010      0x1a0 /opt/devkitpro/libctru/lib/libctru.a(rbtree_insert.o)
 .text.rbtree_insert
                0x000000000010f1b0        0x8 /opt/devkitpro/libctru/lib/libctru.a(rbtree_insert.o)
                0x000000000010f1b0                rbtree_insert
 .text.rbtree_rotate
                0x000000000010f1b8       0x90 /opt/devkitpro/libctru/lib/libctru.a(rbtree_rotate.o)
                0x000000000010f1b8                rbtree_rotate
 .text.rbtree_remove
                0x000000000010f248      0x338 /opt/devkitpro/libctru/lib/libctru.a(rbtree_remove.o)
                0x000000000010f248                rbtree_remove
 .text.rbtree_find
                0x000000000010f580       0x74 /opt/devkitpro/libctru/lib/libctru.a(rbtree_find.o)
                0x000000000010f580                rbtree_find
 .text.utf16_to_utf8
                0x000000000010f5f4       0xe8 /opt/devkitpro/libctru/lib/libctru.a(utf16_to_utf8.o)
                0x000000000010f5f4                utf16_to_utf8
 .text.decode_utf16
                0x000000000010f6dc       0x64 /opt/devkitpro/libctru/lib/libctru.a(decode_utf16.o)
                0x000000000010f6dc                decode_utf16
 .text.utf8_to_utf16
                0x000000000010f740       0xc0 /opt/devkitpro/libctru/lib/libctru.a(utf8_to_utf16.o)
                0x000000000010f740                utf8_to_utf16
 .text.__system_allocateHeaps
                0x000000000010f800      0x1e0 /opt/devkitpro/libctru/lib/libctru.a(allocateHeaps.o)
                0x000000000010f800                __system_allocateHeaps
 .text.__libctru_init
                0x000000000010f9e0       0x38 /opt/devkitpro/libctru/lib/libctru.a(ctru_init.o)
                0x000000000010f9e0                __libctru_init
 .text.__system_initArgv
                0x000000000010fa18       0xf0 /opt/devkitpro/libctru/lib/libctru.a(initArgv.o)
                0x000000000010fa18                __system_initArgv
 .text.svcControlMemory
                0x000000000010fb08       0x20 /opt/devkitpro/libctru/lib/libctru.a(svc.o)
                0x000000000010fb08                svcControlMemory
 .text.svcQueryMemory
                0x000000000010fb28       0x30 /opt/devkitpro/libctru/lib/libctru.a(svc.o)
                0x000000000010fb28                svcQueryMemory
 .text.svcExitProcess
                0x000000000010fb58        0x8 /opt/devkitpro/libctru/lib/libctru.a(svc.o)
                0x000000000010fb58                svcExitProcess
 .text.svcCreateThread
                0x000000000010fb60       0x20 /opt/devkitpro/libctru/lib/libctru.a(svc.o)
                0x000000000010fb60                svcCreateThread
 .text.svcExitThread
                0x000000000010fb80        0x8 /opt/devkitpro/libctru/lib/libctru.a(svc.o)
                0x000000000010fb80                svcExitThread
 .text.svcSleepThread
                0x000000000010fb88        0x8 /opt/devkitpro/libctru/lib/libctru.a(svc.o)
                0x000000000010fb88                svcSleepThread
 .text.svcReleaseMutex
                0x000000000010fb90        0x8 /opt/devkitpro/libctru/lib/libctru.a(svc.o)
                0x000000000010fb90                svcReleaseMutex
 .text.svcCreateEvent
                0x000000000010fb98       0x14 /opt/devkitpro/libctru/lib/libctru.a(svc.o)
                0x000000000010fb98                svcCreateEvent
 .text.svcSignalEvent
                0x000000000010fbac        0x8 /opt/devkitpro/libctru/lib/libctru.a(svc.o)
                0x000000000010fbac                svcSignalEvent
 .text.svcClearEvent
                0x000000000010fbb4        0x8 /opt/devkitpro/libctru/lib/libctru.a(svc.o)
                0x000000000010fbb4                svcClearEvent
 .text.svcMapMemoryBlock
                0x000000000010fbbc        0x8 /opt/devkitpro/libctru/lib/libctru.a(svc.o)
                0x000000000010fbbc                svcMapMemoryBlock
 .text.svcUnmapMemoryBlock
                0x000000000010fbc4        0x8 /opt/devkitpro/libctru/lib/libctru.a(svc.o)
                0x000000000010fbc4                svcUnmapMemoryBlock
 .text.svcCreateAddressArbiter
                0x000000000010fbcc       0x14 /opt/devkitpro/libctru/lib/libctru.a(svc.o)
                0x000000000010fbcc                svcCreateAddressArbiter
 .text.svcArbitrateAddressNoTimeout
                0x000000000010fbe0        0x8 /opt/devkitpro/libctru/lib/libctru.a(svc.o)
                0x000000000010fbe0                svcArbitrateAddressNoTimeout
 .text.svcCloseHandle
                0x000000000010fbe8        0x8 /opt/devkitpro/libctru/lib/libctru.a(svc.o)
                0x000000000010fbe8                svcCloseHandle
 .text.svcWaitSynchronization
                0x000000000010fbf0        0x8 /opt/devkitpro/libctru/lib/libctru.a(svc.o)
                0x000000000010fbf0                svcWaitSynchronization
 .text.svcWaitSynchronizationN
                0x000000000010fbf8       0x28 /opt/devkitpro/libctru/lib/libctru.a(svc.o)
                0x000000000010fbf8                svcWaitSynchronizationN
 .text.svcDuplicateHandle
                0x000000000010fc20       0x14 /opt/devkitpro/libctru/lib/libctru.a(svc.o)
                0x000000000010fc20                svcDuplicateHandle
 .text.svcGetSystemTick
                0x000000000010fc34        0x8 /opt/devkitpro/libctru/lib/libctru.a(svc.o)
                0x000000000010fc34                svcGetSystemTick
 .text.svcConnectToPort
                0x000000000010fc3c       0x14 /opt/devkitpro/libctru/lib/libctru.a(svc.o)
                0x000000000010fc3c                svcConnectToPort
 .text.svcSendSyncRequest
                0x000000000010fc50        0x8 /opt/devkitpro/libctru/lib/libctru.a(svc.o)
                0x000000000010fc50                svcSendSyncRequest
 .text.svcGetResourceLimit
                0x000000000010fc58       0x14 /opt/devkitpro/libctru/lib/libctru.a(svc.o)
                0x000000000010fc58                svcGetResourceLimit
 .text.svcGetResourceLimitLimitValues
                0x000000000010fc6c        0x8 /opt/devkitpro/libctru/lib/libctru.a(svc.o)
                0x000000000010fc6c                svcGetResourceLimitLimitValues
 .text.svcGetResourceLimitCurrentValues
                0x000000000010fc74        0x8 /opt/devkitpro/libctru/lib/libctru.a(svc.o)
                0x000000000010fc74                svcGetResourceLimitCurrentValues
 .text.svcBreak
                0x000000000010fc7c        0x8 /opt/devkitpro/libctru/lib/libctru.a(svc.o)
                0x000000000010fc7c                svcBreak
 .text.initSystem
                0x000000000010fc84       0x50 /opt/devkitpro/libctru/lib/libctru.a(stack_adjust.o)
                0x000000000010fc84                initSystem
 .text.__ctru_exit
                0x000000000010fcd4       0x18 /opt/devkitpro/libctru/lib/libctru.a(stack_adjust.o)
                0x000000000010fcd4                __ctru_exit
 .text.__aeabi_read_tp
                0x000000000010fcec        0xc /opt/devkitpro/libctru/lib/libctru.a(readtp.o)
                0x000000000010fcec                __aeabi_read_tp
 .text.__sync_init
                0x000000000010fcf8        0xc /opt/devkitpro/libctru/lib/libctru.a(synchronization.o)
                0x000000000010fcf8                __sync_init
 .text.__sync_fini
                0x000000000010fd04       0x18 /opt/devkitpro/libctru/lib/libctru.a(synchronization.o)
                0x000000000010fd04                __sync_fini
 .text.syncArbitrateAddress
                0x000000000010fd1c       0x2c /opt/devkitpro/libctru/lib/libctru.a(synchronization.o)
                0x000000000010fd1c                syncArbitrateAddress
 .text.LightLock_Init
                0x000000000010fd48       0x1c /opt/devkitpro/libctru/lib/libctru.a(synchronization.o)
                0x000000000010fd48                LightLock_Init
 .text.LightLock_Lock
                0x000000000010fd64       0x94 /opt/devkitpro/libctru/lib/libctru.a(synchronization.o)
                0x000000000010fd64                LightLock_Lock
 .text.LightLock_TryLock
                0x000000000010fdf8       0x44 /opt/devkitpro/libctru/lib/libctru.a(synchronization.o)
                0x000000000010fdf8                LightLock_TryLock
 .text.LightLock_Unlock
                0x000000000010fe3c       0x40 /opt/devkitpro/libctru/lib/libctru.a(synchronization.o)
                0x000000000010fe3c                LightLock_Unlock
 .text.RecursiveLock_Init
                0x000000000010fe7c       0x24 /opt/devkitpro/libctru/lib/libctru.a(synchronization.o)
                0x000000000010fe7c                RecursiveLock_Init
 .text.RecursiveLock_Lock
                0x000000000010fea0       0x30 /opt/devkitpro/libctru/lib/libctru.a(synchronization.o)
                0x000000000010fea0                RecursiveLock_Lock
 .text.RecursiveLock_TryLock
                0x000000000010fed0       0x78 /opt/devkitpro/libctru/lib/libctru.a(synchronization.o)
                0x000000000010fed0                RecursiveLock_TryLock
 .text.RecursiveLock_Unlock
                0x000000000010ff48       0x54 /opt/devkitpro/libctru/lib/libctru.a(synchronization.o)
                0x000000000010ff48                RecursiveLock_Unlock
 .text.LightEvent_Init
                0x000000000010ff9c       0x40 /opt/devkitpro/libctru/lib/libctru.a(synchronization.o)
                0x000000000010ff9c                LightEvent_Init
 .text.LightEvent_Clear
                0x000000000010ffdc       0xa4 /opt/devkitpro/libctru/lib/libctru.a(synchronization.o)
                0x000000000010ffdc                LightEvent_Clear
 .text.LightEvent_Signal
                0x0000000000110080       0xc8 /opt/devkitpro/libctru/lib/libctru.a(synchronization.o)
                0x0000000000110080                LightEvent_Signal
 .text.LightEvent_TryWait
                0x0000000000110148       0x58 /opt/devkitpro/libctru/lib/libctru.a(synchronization.o)
                0x0000000000110148                LightEvent_TryWait
 .text.LightEvent_Wait
                0x00000000001101a0       0xb0 /opt/devkitpro/libctru/lib/libctru.a(synchronization.o)
                0x00000000001101a0                LightEvent_Wait
 .text.envGetHandle
                0x0000000000110250       0x84 /opt/devkitpro/libctru/lib/libctru.a(env.o)
                0x0000000000110250                envGetHandle
 .text.envDestroyHandles
                0x00000000001102d4       0x50 /opt/devkitpro/libctru/lib/libctru.a(env.o)
                0x00000000001102d4                envDestroyHandles
 .text.srvInit  0x0000000000110324      0x124 /opt/devkitpro/libctru/lib/libctru.a(srv.o)
                0x0000000000110324                srvInit
 .text.srvExit  0x0000000000110448       0x58 /opt/devkitpro/libctru/lib/libctru.a(srv.o)
                0x0000000000110448                srvExit
 .text.srvGetServiceHandleDirect
                0x00000000001104a0       0x80 /opt/devkitpro/libctru/lib/libctru.a(srv.o)
                0x00000000001104a0                srvGetServiceHandleDirect
 .text.srvGetServiceHandle
                0x0000000000110520       0x48 /opt/devkitpro/libctru/lib/libctru.a(srv.o)
                0x0000000000110520                srvGetServiceHandle
 .text.srvPublishToSubscriber
                0x0000000000110568       0x38 /opt/devkitpro/libctru/lib/libctru.a(srv.o)
                0x0000000000110568                srvPublishToSubscriber
 .text.threadCreate
                0x00000000001105a0      0x188 /opt/devkitpro/libctru/lib/libctru.a(thread.o)
                0x00000000001105a0                threadCreate
 .text.threadFree
                0x0000000000110728       0x2c /opt/devkitpro/libctru/lib/libctru.a(thread.o)
                0x0000000000110728                threadFree
 .text.threadJoin
                0x0000000000110754       0x24 /opt/devkitpro/libctru/lib/libctru.a(thread.o)
                0x0000000000110754                threadJoin
 .text.threadGetCurrent
                0x0000000000110778       0x30 /opt/devkitpro/libctru/lib/libctru.a(thread.o)
                0x0000000000110778                threadGetCurrent
 .text.threadExit
                0x00000000001107a8       0x40 /opt/devkitpro/libctru/lib/libctru.a(thread.o)
                0x00000000001107a8                threadExit
 .text._thread_begin
                0x00000000001107e8       0x44 /opt/devkitpro/libctru/lib/libctru.a(thread.o)
 .text.mappableFindAddressWithin
                0x000000000011082c       0x94 /opt/devkitpro/libctru/lib/libctru.a(mappable.o)
 .text.mappableInit
                0x00000000001108c0       0x28 /opt/devkitpro/libctru/lib/libctru.a(mappable.o)
                0x00000000001108c0                mappableInit
 .text.mappableAlloc
                0x00000000001108e8       0x80 /opt/devkitpro/libctru/lib/libctru.a(mappable.o)
                0x00000000001108e8                mappableAlloc
 .text.mappableFree
                0x0000000000110968        0x4 /opt/devkitpro/libctru/lib/libctru.a(mappable.o)
                0x0000000000110968                mappableFree
 .text.irrstInit
                0x000000000011096c      0x160 /opt/devkitpro/libctru/lib/libctru.a(irrst.o)
                0x000000000011096c                irrstInit
 .text.irrstExit
                0x0000000000110acc       0xcc /opt/devkitpro/libctru/lib/libctru.a(irrst.o)
                0x0000000000110acc                irrstExit
 .text.irrstScanInput
                0x0000000000110b98       0xb0 /opt/devkitpro/libctru/lib/libctru.a(irrst.o)
                0x0000000000110b98                irrstScanInput
 .text.irrstKeysHeld
                0x0000000000110c48       0x24 /opt/devkitpro/libctru/lib/libctru.a(irrst.o)
                0x0000000000110c48                irrstKeysHeld
 .text.srvPmGetSessionHandle
                0x0000000000110c6c        0xc /opt/devkitpro/libctru/lib/libctru.a(srvpm.o)
                0x0000000000110c6c                srvPmGetSessionHandle
 .text.rbtree_node_next
                0x0000000000110c78       0x50 /opt/devkitpro/libctru/lib/libctru.a(rbtree_iterator.o)
                0x0000000000110c78                rbtree_node_next
 .text.encode_utf16
                0x0000000000110cc8       0x60 /opt/devkitpro/libctru/lib/libctru.a(encode_utf16.o)
                0x0000000000110cc8                encode_utf16
 .text.encode_utf8
                0x0000000000110d28       0xfc /opt/devkitpro/libctru/lib/libctru.a(encode_utf8.o)
                0x0000000000110d28                encode_utf8
 .text.decode_utf8
                0x0000000000110e24      0x13c /opt/devkitpro/libctru/lib/libctru.a(decode_utf8.o)
                0x0000000000110e24                decode_utf8
 .text.__appInit
                0x0000000000110f60       0x30 /opt/devkitpro/libctru/lib/libctru.a(appInit.o)
                0x0000000000110f60                __appInit
 .text.__libctru_nanosleep
                0x0000000000110f90       0x30 /opt/devkitpro/libctru/lib/libctru.a(syscalls.o)
 .text.__libctru_get_reent
                0x0000000000110fc0       0x30 /opt/devkitpro/libctru/lib/libctru.a(syscalls.o)
 .text.__system_initSyscalls
                0x0000000000110ff0       0xf8 /opt/devkitpro/libctru/lib/libctru.a(syscalls.o)
                0x0000000000110ff0                __system_initSyscalls
 .text.__appExit
                0x00000000001110e8       0x30 /opt/devkitpro/libctru/lib/libctru.a(appExit.o)
                0x00000000001110e8                __appExit
 .text.__libctru_exit
                0x0000000000111118       0x90 /opt/devkitpro/libctru/lib/libctru.a(ctru_exit.o)
                0x0000000000111118                __libctru_exit
 .text.archive_link
                0x00000000001111a8       0x14 /opt/devkitpro/libctru/lib/libctru.a(archive_dev.o)
 .text.archive_dirreset
                0x00000000001111bc       0x14 /opt/devkitpro/libctru/lib/libctru.a(archive_dev.o)
 .text.archive_chmod
                0x00000000001111d0       0x14 /opt/devkitpro/libctru/lib/libctru.a(archive_dev.o)
 .text.error_cmp
                0x00000000001111e4       0x24 /opt/devkitpro/libctru/lib/libctru.a(archive_dev.o)
 .text.archive_translate_error
                0x0000000000111208       0x50 /opt/devkitpro/libctru/lib/libctru.a(archive_dev.o)
 .text.archive_seek
                0x0000000000111258       0xd4 /opt/devkitpro/libctru/lib/libctru.a(archive_dev.o)
 .text._archiveInit.part.0
                0x000000000011132c       0x7c /opt/devkitpro/libctru/lib/libctru.a(archive_dev.o)
 .text.archiveFindDevice.part.0
                0x00000000001113a8       0x8c /opt/devkitpro/libctru/lib/libctru.a(archive_dev.o)
 .text.archive_utf16path
                0x0000000000111434      0x294 /opt/devkitpro/libctru/lib/libctru.a(archive_dev.o)
 .text._archiveUnmountDeviceStruct.part.0
                0x00000000001116c8       0xa0 /opt/devkitpro/libctru/lib/libctru.a(archive_dev.o)
 .text.archive_fchmod
                0x0000000000111768       0x14 /opt/devkitpro/libctru/lib/libctru.a(archive_dev.o)
 .text.archive_statvfs
                0x000000000011177c       0x14 /opt/devkitpro/libctru/lib/libctru.a(archive_dev.o)
 .text._archiveMountDevice
                0x0000000000111790      0x158 /opt/devkitpro/libctru/lib/libctru.a(archive_dev.o)
 .text.archive_diropen
                0x00000000001118e8       0xe8 /opt/devkitpro/libctru/lib/libctru.a(archive_dev.o)
 .text.archive_fstat
                0x00000000001119d0       0xa4 /opt/devkitpro/libctru/lib/libctru.a(archive_dev.o)
 .text.archive_close
                0x0000000000111a74       0x6c /opt/devkitpro/libctru/lib/libctru.a(archive_dev.o)
 .text.archive_fsync
                0x0000000000111ae0       0x6c /opt/devkitpro/libctru/lib/libctru.a(archive_dev.o)
 .text.archive_dirclose
                0x0000000000111b4c       0x70 /opt/devkitpro/libctru/lib/libctru.a(archive_dev.o)
 .text.sdmc_statvfs
                0x0000000000111bbc       0xe8 /opt/devkitpro/libctru/lib/libctru.a(archive_dev.o)
 .text.archive_ftruncate
                0x0000000000111ca4       0x80 /opt/devkitpro/libctru/lib/libctru.a(archive_dev.o)
 .text.archive_chdir
                0x0000000000111d24       0xfc /opt/devkitpro/libctru/lib/libctru.a(archive_dev.o)
 .text.archive_read
                0x0000000000111e20       0xb0 /opt/devkitpro/libctru/lib/libctru.a(archive_dev.o)
 .text.archive_unlink
                0x0000000000111ed0       0xac /opt/devkitpro/libctru/lib/libctru.a(archive_dev.o)
 .text.archive_rmdir
                0x0000000000111f7c       0xc8 /opt/devkitpro/libctru/lib/libctru.a(archive_dev.o)
 .text.archive_mkdir
                0x0000000000112044       0xec /opt/devkitpro/libctru/lib/libctru.a(archive_dev.o)
 .text.archive_stat
                0x0000000000112130      0x1a8 /opt/devkitpro/libctru/lib/libctru.a(archive_dev.o)
 .text.archive_rename
                0x00000000001122d8      0x184 /opt/devkitpro/libctru/lib/libctru.a(archive_dev.o)
 .text.archive_dirnext
                0x000000000011245c      0x168 /opt/devkitpro/libctru/lib/libctru.a(archive_dev.o)
 .text.archive_write
                0x00000000001125c4      0x12c /opt/devkitpro/libctru/lib/libctru.a(archive_dev.o)
 .text.archive_open
                0x00000000001126f0      0x1f0 /opt/devkitpro/libctru/lib/libctru.a(archive_dev.o)
 .text.archiveMountSdmc
                0x00000000001128e0      0x1a4 /opt/devkitpro/libctru/lib/libctru.a(archive_dev.o)
                0x00000000001128e0                archiveMountSdmc
 .text.archiveUnmountAll
                0x0000000000112a84       0x54 /opt/devkitpro/libctru/lib/libctru.a(archive_dev.o)
                0x0000000000112a84                archiveUnmountAll
 .text.cosf     0x0000000000112ad8      0x22c /opt/devkitpro/devkitARM/bin/../lib/gcc/arm-none-eabi/11.1.0/../../../../arm-none-eabi/lib/armv6k/fpu/libm.a(lib_a-cosf.o)
                0x0000000000112ad8                cosf
 .text.with_errnof
                0x0000000000112d04       0x24 /opt/devkitpro/devkitARM/bin/../lib/gcc/arm-none-eabi/11.1.0/../../../../arm-none-eabi/lib/armv6k/fpu/libm.a(lib_a-math_errf.o)
 .text.__math_invalidf
                0x0000000000112d28       0x1c /opt/devkitpro/devkitARM/bin/../lib/gcc/arm-none-eabi/11.1.0/../../../../arm-none-eabi/lib/armv6k/fpu/libm.a(lib_a-math_errf.o)
                0x0000000000112d28                __math_invalidf
 *fill*         0x0000000000112d44        0x4 
 .text.sinf     0x0000000000112d48      0x26c /opt/devkitpro/devkitARM/bin/../lib/gcc/arm-none-eabi/11.1.0/../../../../arm-none-eabi/lib/armv6k/fpu/libm.a(lib_a-sinf.o)
                0x0000000000112d48                sinf
 .text.__udivmoddi4
                0x0000000000112fb4      0x120 /opt/devkitpro/devkitARM/bin/../lib/gcc/arm-none-eabi/11.1.0/armv6k/fpu/libgcc.a(_udivmoddi4.o)
                0x0000000000112fb4                __udivmoddi4
 .text.bsearch  0x00000000001130d4       0x78 /opt/devkitpro/devkitARM/bin/../lib/gcc/arm-none-eabi/11.1.0/../../../../arm-none-eabi/lib/armv6k/fpu/libg.a(lib_a-bsearch.o)
                0x00000000001130d4                bsearch
 .text.calloc   0x000000000011314c       0x28 /opt/devkitpro/devkitARM/bin/../lib/gcc/arm-none-eabi/11.1.0/../../../../arm-none-eabi/lib/armv6k/fpu/libg.a(lib_a-calloc.o)
                0x000000000011314c                calloc
 .text._calloc_r
                0x0000000000113174       0xbc /opt/devkitpro/devkitARM/bin/../lib/gcc/arm-none-eabi/11.1.0/../../../../arm-none-eabi/lib/armv6k/fpu/libg.a(lib_a-callocr.o)
                0x0000000000113174                _calloc_r
 .text.__errno  0x0000000000113230        0xc /opt/devkitpro/devkitARM/bin/../lib/gcc/arm-none-eabi/11.1.0/../../../../arm-none-eabi/lib/armv6k/fpu/libg.a(lib_a-errno.o)
                0x0000000000113230                __errno
 .text.exit     0x000000000011323c       0x34 /opt/devkitpro/devkitARM/bin/../lib/gcc/arm-none-eabi/11.1.0/../../../../arm-none-eabi/lib/armv6k/fpu/libg.a(lib_a-exit.o)
                0x000000000011323c                exit
 .text._fclose_r
                0x0000000000113270      0x160 /opt/devkitpro/devkitARM/bin/../lib/gcc/arm-none-eabi/11.1.0/../../../../arm-none-eabi/lib/armv6k/fpu/libg.a(lib_a-fclose.o)
                0x0000000000113270                _fclose_r
 .text.fclose   0x00000000001133d0       0x20 /opt/devkitpro/devkitARM/bin/../lib/gcc/arm-none-eabi/11.1.0/../../../../arm-none-eabi/lib/armv6k/fpu/libg.a(lib_a-fclose.o)
                0x00000000001133d0                fclose
 .text.__sflush_r
                0x00000000001133f0      0x258 /opt/devkitpro/devkitARM/bin/../lib/gcc/arm-none-eabi/11.1.0/../../../../arm-none-eabi/lib/armv6k/fpu/libg.a(lib_a-fflush.o)
                0x00000000001133f0                __sflush_r
 .text._fflush_r
                0x0000000000113648       0x94 /opt/devkitpro/devkitARM/bin/../lib/gcc/arm-none-eabi/11.1.0/../../../../arm-none-eabi/lib/armv6k/fpu/libg.a(lib_a-fflush.o)
                0x0000000000113648                _fflush_r
 .text.fflush   0x00000000001136dc       0x38 /opt/devkitpro/devkitARM/bin/../lib/gcc/arm-none-eabi/11.1.0/../../../../arm-none-eabi/lib/armv6k/fpu/libg.a(lib_a-fflush.o)
                0x00000000001136dc                fflush
 .text._cleanup_r
                0x0000000000113714        0xc /opt/devkitpro/devkitARM/bin/../lib/gcc/arm-none-eabi/11.1.0/../../../../arm-none-eabi/lib/armv6k/fpu/libg.a(lib_a-findfp.o)
                0x0000000000113714                _cleanup_r
 .text.__sinit  0x0000000000113720      0x184 /opt/devkitpro/devkitARM/bin/../lib/gcc/arm-none-eabi/11.1.0/../../../../arm-none-eabi/lib/armv6k/fpu/libg.a(lib_a-findfp.o)
                0x0000000000113720                __sinit
 .text.__sfp    0x00000000001138a4      0x134 /opt/devkitpro/devkitARM/bin/../lib/gcc/arm-none-eabi/11.1.0/../../../../arm-none-eabi/lib/armv6k/fpu/libg.a(lib_a-findfp.o)
                0x00000000001138a4                __sfp
 .text.__sfp_lock_acquire
                0x00000000001139d8        0xc /opt/devkitpro/devkitARM/bin/../lib/gcc/arm-none-eabi/11.1.0/../../../../arm-none-eabi/lib/armv6k/fpu/libg.a(lib_a-findfp.o)
                0x00000000001139d8                __sfp_lock_acquire
 .text.__sfp_lock_release
                0x00000000001139e4        0xc /opt/devkitpro/devkitARM/bin/../lib/gcc/arm-none-eabi/11.1.0/../../../../arm-none-eabi/lib/armv6k/fpu/libg.a(lib_a-findfp.o)
                0x00000000001139e4                __sfp_lock_release
 .text.__libc_fini_array
                0x00000000001139f0       0x3c /opt/devkitpro/devkitARM/bin/../lib/gcc/arm-none-eabi/11.1.0/../../../../arm-none-eabi/lib/armv6k/fpu/libg.a(lib_a-fini.o)
                0x00000000001139f0                __libc_fini_array
 .text._fopen_r
                0x0000000000113a2c      0x140 /opt/devkitpro/devkitARM/bin/../lib/gcc/arm-none-eabi/11.1.0/../../../../arm-none-eabi/lib/armv6k/fpu/libg.a(lib_a-fopen.o)
                0x0000000000113a2c                _fopen_r
 .text.fopen    0x0000000000113b6c       0x28 /opt/devkitpro/devkitARM/bin/../lib/gcc/arm-none-eabi/11.1.0/../../../../arm-none-eabi/lib/armv6k/fpu/libg.a(lib_a-fopen.o)
                0x0000000000113b6c                fopen
 .text._fread_r
                0x0000000000113b94      0x2d4 /opt/devkitpro/devkitARM/bin/../lib/gcc/arm-none-eabi/11.1.0/../../../../arm-none-eabi/lib/armv6k/fpu/libg.a(lib_a-fread.o)
                0x0000000000113b94                _fread_r
 .text.fread    0x0000000000113e68       0x38 /opt/devkitpro/devkitARM/bin/../lib/gcc/arm-none-eabi/11.1.0/../../../../arm-none-eabi/lib/armv6k/fpu/libg.a(lib_a-fread.o)
                0x0000000000113e68                fread
 .text._malloc_trim_r
                0x0000000000113ea0       0xf8 /opt/devkitpro/devkitARM/bin/../lib/gcc/arm-none-eabi/11.1.0/../../../../arm-none-eabi/lib/armv6k/fpu/libg.a(lib_a-freer.o)
                0x0000000000113ea0                _malloc_trim_r
 .text._free_r  0x0000000000113f98      0x2e4 /opt/devkitpro/devkitARM/bin/../lib/gcc/arm-none-eabi/11.1.0/../../../../arm-none-eabi/lib/armv6k/fpu/libg.a(lib_a-freer.o)
                0x0000000000113f98                _free_r
 .text._fseek_r
                0x000000000011427c       0x1c /opt/devkitpro/devkitARM/bin/../lib/gcc/arm-none-eabi/11.1.0/../../../../arm-none-eabi/lib/armv6k/fpu/libg.a(lib_a-fseek.o)
                0x000000000011427c                _fseek_r
 .text._fseeko_r
                0x0000000000114298      0x598 /opt/devkitpro/devkitARM/bin/../lib/gcc/arm-none-eabi/11.1.0/../../../../arm-none-eabi/lib/armv6k/fpu/libg.a(lib_a-fseeko.o)
                0x0000000000114298                _fseeko_r
 .text._fwalk   0x0000000000114830       0x68 /opt/devkitpro/devkitARM/bin/../lib/gcc/arm-none-eabi/11.1.0/../../../../arm-none-eabi/lib/armv6k/fpu/libg.a(lib_a-fwalk.o)
                0x0000000000114830                _fwalk
 .text._fwalk_reent
                0x0000000000114898       0x70 /opt/devkitpro/devkitARM/bin/../lib/gcc/arm-none-eabi/11.1.0/../../../../arm-none-eabi/lib/armv6k/fpu/libg.a(lib_a-fwalk.o)
                0x0000000000114898                _fwalk_reent
 .text.__libc_init_array
                0x0000000000114908       0x7c /opt/devkitpro/devkitARM/bin/../lib/gcc/arm-none-eabi/11.1.0/../../../../arm-none-eabi/lib/armv6k/fpu/libg.a(lib_a-init.o)
                0x0000000000114908                __libc_init_array
 .text.__smakebuf_r
                0x0000000000114984      0x138 /opt/devkitpro/devkitARM/bin/../lib/gcc/arm-none-eabi/11.1.0/../../../../arm-none-eabi/lib/armv6k/fpu/libg.a(lib_a-makebuf.o)
                0x0000000000114984                __smakebuf_r
 .text.__swhatbuf_r
                0x0000000000114abc       0x8c /opt/devkitpro/devkitARM/bin/../lib/gcc/arm-none-eabi/11.1.0/../../../../arm-none-eabi/lib/armv6k/fpu/libg.a(lib_a-makebuf.o)
                0x0000000000114abc                __swhatbuf_r
 .text.memalign
                0x0000000000114b48       0x28 /opt/devkitpro/devkitARM/bin/../lib/gcc/arm-none-eabi/11.1.0/../../../../arm-none-eabi/lib/armv6k/fpu/libg.a(lib_a-malign.o)
                0x0000000000114b48                memalign
 .text._memalign_r
                0x0000000000114b70      0x150 /opt/devkitpro/devkitARM/bin/../lib/gcc/arm-none-eabi/11.1.0/../../../../arm-none-eabi/lib/armv6k/fpu/libg.a(lib_a-malignr.o)
                0x0000000000114b70                _memalign_r
 .text.malloc   0x0000000000114cc0       0x20 /opt/devkitpro/devkitARM/bin/../lib/gcc/arm-none-eabi/11.1.0/../../../../arm-none-eabi/lib/armv6k/fpu/libg.a(lib_a-malloc.o)
                0x0000000000114cc0                malloc
 .text.free     0x0000000000114ce0       0x20 /opt/devkitpro/devkitARM/bin/../lib/gcc/arm-none-eabi/11.1.0/../../../../arm-none-eabi/lib/armv6k/fpu/libg.a(lib_a-malloc.o)
                0x0000000000114ce0                free
 .text._malloc_r
                0x0000000000114d00      0x7e0 /opt/devkitpro/devkitARM/bin/../lib/gcc/arm-none-eabi/11.1.0/../../../../arm-none-eabi/lib/armv6k/fpu/libg.a(lib_a-mallocr.o)
                0x0000000000114d00                _malloc_r
 .text.memchr   0x00000000001154e0       0xe0 /opt/devkitpro/devkitARM/bin/../lib/gcc/arm-none-eabi/11.1.0/../../../../arm-none-eabi/lib/armv6k/fpu/libg.a(lib_a-memchr-stub.o)
                0x00000000001154e0                memchr
 .text.memcmp   0x00000000001155c0       0xa8 /opt/devkitpro/devkitARM/bin/../lib/gcc/arm-none-eabi/11.1.0/../../../../arm-none-eabi/lib/armv6k/fpu/libg.a(lib_a-memcmp.o)
                0x00000000001155c0                memcmp
 .text.memcpy   0x0000000000115668      0x11c /opt/devkitpro/devkitARM/bin/../lib/gcc/arm-none-eabi/11.1.0/../../../../arm-none-eabi/lib/armv6k/fpu/libg.a(lib_a-memcpy-stub.o)
                0x0000000000115668                memcpy
 .text.memset   0x0000000000115784      0x118 /opt/devkitpro/devkitARM/bin/../lib/gcc/arm-none-eabi/11.1.0/../../../../arm-none-eabi/lib/armv6k/fpu/libg.a(lib_a-memset.o)
                0x0000000000115784                memset
 .text.__malloc_lock
                0x000000000011589c        0xc /opt/devkitpro/devkitARM/bin/../lib/gcc/arm-none-eabi/11.1.0/../../../../arm-none-eabi/lib/armv6k/fpu/libg.a(lib_a-mlock.o)
                0x000000000011589c                __malloc_lock
 .text.__malloc_unlock
                0x00000000001158a8        0xc /opt/devkitpro/devkitARM/bin/../lib/gcc/arm-none-eabi/11.1.0/../../../../arm-none-eabi/lib/armv6k/fpu/libg.a(lib_a-mlock.o)
                0x00000000001158a8                __malloc_unlock
 .text.printf   0x00000000001158b4       0x34 /opt/devkitpro/devkitARM/bin/../lib/gcc/arm-none-eabi/11.1.0/../../../../arm-none-eabi/lib/armv6k/fpu/libg.a(lib_a-printf.o)
                0x00000000001158b4                printf
 .text.lflush   0x00000000001158e8       0x1c /opt/devkitpro/devkitARM/bin/../lib/gcc/arm-none-eabi/11.1.0/../../../../arm-none-eabi/lib/armv6k/fpu/libg.a(lib_a-refill.o)
 .text.__srefill_r
                0x0000000000115904      0x1ac /opt/devkitpro/devkitARM/bin/../lib/gcc/arm-none-eabi/11.1.0/../../../../arm-none-eabi/lib/armv6k/fpu/libg.a(lib_a-refill.o)
                0x0000000000115904                __srefill_r
 .text.setvbuf  0x0000000000115ab0      0x260 /opt/devkitpro/devkitARM/bin/../lib/gcc/arm-none-eabi/11.1.0/../../../../arm-none-eabi/lib/armv6k/fpu/libg.a(lib_a-setvbuf.o)
                0x0000000000115ab0                setvbuf
 .text.sscanf   0x0000000000115d10       0x74 /opt/devkitpro/devkitARM/bin/../lib/gcc/arm-none-eabi/11.1.0/../../../../arm-none-eabi/lib/armv6k/fpu/libg.a(lib_a-sscanf.o)
                0x0000000000115d10                sscanf
 .text.__sread  0x0000000000115d84       0x44 /opt/devkitpro/devkitARM/bin/../lib/gcc/arm-none-eabi/11.1.0/../../../../arm-none-eabi/lib/armv6k/fpu/libg.a(lib_a-stdio.o)
                0x0000000000115d84                __sread
 .text.__seofread
                0x0000000000115dc8        0x8 /opt/devkitpro/devkitARM/bin/../lib/gcc/arm-none-eabi/11.1.0/../../../../arm-none-eabi/lib/armv6k/fpu/libg.a(lib_a-stdio.o)
                0x0000000000115dc8                __seofread
 .text.__swrite
                0x0000000000115dd0       0x68 /opt/devkitpro/devkitARM/bin/../lib/gcc/arm-none-eabi/11.1.0/../../../../arm-none-eabi/lib/armv6k/fpu/libg.a(lib_a-stdio.o)
                0x0000000000115dd0                __swrite
 .text.__sseek  0x0000000000115e38       0x48 /opt/devkitpro/devkitARM/bin/../lib/gcc/arm-none-eabi/11.1.0/../../../../arm-none-eabi/lib/armv6k/fpu/libg.a(lib_a-stdio.o)
                0x0000000000115e38                __sseek
 .text.__sclose
                0x0000000000115e80        0x8 /opt/devkitpro/devkitARM/bin/../lib/gcc/arm-none-eabi/11.1.0/../../../../arm-none-eabi/lib/armv6k/fpu/libg.a(lib_a-stdio.o)
                0x0000000000115e80                __sclose
 .text.strchr   0x0000000000115e88      0x12c /opt/devkitpro/devkitARM/bin/../lib/gcc/arm-none-eabi/11.1.0/../../../../arm-none-eabi/lib/armv6k/fpu/libg.a(lib_a-strchr.o)
                0x0000000000115e88                strchr
 .text.strlen   0x0000000000115fb4       0x5c /opt/devkitpro/devkitARM/bin/../lib/gcc/arm-none-eabi/11.1.0/../../../../arm-none-eabi/lib/armv6k/fpu/libg.a(lib_a-strlen-stub.o)
                0x0000000000115fb4                strlen
 .text.strncat  0x0000000000116010       0xec /opt/devkitpro/devkitARM/bin/../lib/gcc/arm-none-eabi/11.1.0/../../../../arm-none-eabi/lib/armv6k/fpu/libg.a(lib_a-strncat.o)
                0x0000000000116010                strncat
 .text.strncmp  0x00000000001160fc       0xdc /opt/devkitpro/devkitARM/bin/../lib/gcc/arm-none-eabi/11.1.0/../../../../arm-none-eabi/lib/armv6k/fpu/libg.a(lib_a-strncmp.o)
                0x00000000001160fc                strncmp
 .text.strncpy  0x00000000001161d8       0xc0 /opt/devkitpro/devkitARM/bin/../lib/gcc/arm-none-eabi/11.1.0/../../../../arm-none-eabi/lib/armv6k/fpu/libg.a(lib_a-strncpy.o)
                0x00000000001161d8                strncpy
 .text.strnlen  0x0000000000116298       0x48 /opt/devkitpro/devkitARM/bin/../lib/gcc/arm-none-eabi/11.1.0/../../../../arm-none-eabi/lib/armv6k/fpu/libg.a(lib_a-strnlen.o)
                0x0000000000116298                strnlen
 .text.get_arg  0x00000000001162e0       0x50 /opt/devkitpro/devkitARM/bin/../lib/gcc/arm-none-eabi/11.1.0/../../../../arm-none-eabi/lib/armv6k/fpu/libg.a(lib_a-svfscanf.o)
 .text.__ssvfscanf_r
                0x0000000000116330     0x2bbc /opt/devkitpro/devkitARM/bin/../lib/gcc/arm-none-eabi/11.1.0/../../../../arm-none-eabi/lib/armv6k/fpu/libg.a(lib_a-svfscanf.o)
                0x0000000000116330                __ssvfscanf_r
 .text.time     0x0000000000118eec       0x3c /opt/devkitpro/devkitARM/bin/../lib/gcc/arm-none-eabi/11.1.0/../../../../arm-none-eabi/lib/armv6k/fpu/libg.a(lib_a-time.o)
                0x0000000000118eec                time
 .text.get_arg  0x0000000000118f28      0x628 /opt/devkitpro/devkitARM/bin/../lib/gcc/arm-none-eabi/11.1.0/../../../../arm-none-eabi/lib/armv6k/fpu/libg.a(lib_a-vfiprintf.o)
 .text.__sprint_r
                0x0000000000119550       0x30 /opt/devkitpro/devkitARM/bin/../lib/gcc/arm-none-eabi/11.1.0/../../../../arm-none-eabi/lib/armv6k/fpu/libg.a(lib_a-vfiprintf.o)
                0x0000000000119550                __sprint_r
 .text._vfiprintf_r
                0x0000000000119580     0x233c /opt/devkitpro/devkitARM/bin/../lib/gcc/arm-none-eabi/11.1.0/../../../../arm-none-eabi/lib/armv6k/fpu/libg.a(lib_a-vfiprintf.o)
                0x0000000000119580                _vfiprintf_r
 .text.__sbprintf
                0x000000000011b8bc       0xd4 /opt/devkitpro/devkitARM/bin/../lib/gcc/arm-none-eabi/11.1.0/../../../../arm-none-eabi/lib/armv6k/fpu/libg.a(lib_a-vfiprintf.o)
 .text.get_arg  0x000000000011b990      0x628 /opt/devkitpro/devkitARM/bin/../lib/gcc/arm-none-eabi/11.1.0/../../../../arm-none-eabi/lib/armv6k/fpu/libg.a(lib_a-vfprintf.o)
 .text._vfprintf_r
                0x000000000011bfb8     0x3684 /opt/devkitpro/devkitARM/bin/../lib/gcc/arm-none-eabi/11.1.0/../../../../arm-none-eabi/lib/armv6k/fpu/libg.a(lib_a-vfprintf.o)
                0x000000000011bfb8                _vfprintf_r
 .text.__sbprintf
                0x000000000011f63c       0xd4 /opt/devkitpro/devkitARM/bin/../lib/gcc/arm-none-eabi/11.1.0/../../../../arm-none-eabi/lib/armv6k/fpu/libg.a(lib_a-vfprintf.o)
 .text._wcrtomb_r
                0x000000000011f710       0x54 /opt/devkitpro/devkitARM/bin/../lib/gcc/arm-none-eabi/11.1.0/../../../../arm-none-eabi/lib/armv6k/fpu/libg.a(lib_a-wcrtomb.o)
                0x000000000011f710                _wcrtomb_r
 .text._wcsrtombs_r
                0x000000000011f764       0x28 /opt/devkitpro/devkitARM/bin/../lib/gcc/arm-none-eabi/11.1.0/../../../../arm-none-eabi/lib/armv6k/fpu/libg.a(lib_a-wcsrtombs.o)
                0x000000000011f764                _wcsrtombs_r
 .text.__swsetup_r
                0x000000000011f78c      0x154 /opt/devkitpro/devkitARM/bin/../lib/gcc/arm-none-eabi/11.1.0/../../../../arm-none-eabi/lib/armv6k/fpu/libg.a(lib_a-wsetup.o)
                0x000000000011f78c                __swsetup_r
 .text.__call_exitprocs
                0x000000000011f8e0      0x114 /opt/devkitpro/devkitARM/bin/../lib/gcc/arm-none-eabi/11.1.0/../../../../arm-none-eabi/lib/armv6k/fpu/libg.a(lib_a-__call_atexit.o)
                0x000000000011f8e0                __call_exitprocs
 .text.quorem   0x000000000011f9f4      0x1ac /opt/devkitpro/devkitARM/bin/../lib/gcc/arm-none-eabi/11.1.0/../../../../arm-none-eabi/lib/armv6k/fpu/libg.a(lib_a-dtoa.o)
 .text._dtoa_r  0x000000000011fba0     0x12cc /opt/devkitpro/devkitARM/bin/../lib/gcc/arm-none-eabi/11.1.0/../../../../arm-none-eabi/lib/armv6k/fpu/libg.a(lib_a-dtoa.o)
                0x000000000011fba0                _dtoa_r
 .text.__sflags
                0x0000000000120e6c       0xcc /opt/devkitpro/devkitARM/bin/../lib/gcc/arm-none-eabi/11.1.0/../../../../arm-none-eabi/lib/armv6k/fpu/libg.a(lib_a-flags.o)
                0x0000000000120e6c                __sflags
 .text.__sfvwrite_r
                0x0000000000120f38      0x4c0 /opt/devkitpro/devkitARM/bin/../lib/gcc/arm-none-eabi/11.1.0/../../../../arm-none-eabi/lib/armv6k/fpu/libg.a(lib_a-fvwrite.o)
                0x0000000000120f38                __sfvwrite_r
 .text.iswspace
                0x00000000001213f8        0x8 /opt/devkitpro/devkitARM/bin/../lib/gcc/arm-none-eabi/11.1.0/../../../../arm-none-eabi/lib/armv6k/fpu/libg.a(lib_a-iswspace.o)
                0x00000000001213f8                iswspace
 .text._localeconv_r
                0x0000000000121400        0xc /opt/devkitpro/devkitARM/bin/../lib/gcc/arm-none-eabi/11.1.0/../../../../arm-none-eabi/lib/armv6k/fpu/libg.a(lib_a-localeconv.o)
                0x0000000000121400                _localeconv_r
 .text.__locale_mb_cur_max
                0x000000000012140c       0x10 /opt/devkitpro/devkitARM/bin/../lib/gcc/arm-none-eabi/11.1.0/../../../../arm-none-eabi/lib/armv6k/fpu/libg.a(lib_a-locale.o)
                0x000000000012140c                __locale_mb_cur_max
 .text._mbrtowc_r
                0x000000000012141c       0x68 /opt/devkitpro/devkitARM/bin/../lib/gcc/arm-none-eabi/11.1.0/../../../../arm-none-eabi/lib/armv6k/fpu/libg.a(lib_a-mbrtowc.o)
                0x000000000012141c                _mbrtowc_r
 .text.__utf8_mbtowc
                0x0000000000121484      0x2e4 /opt/devkitpro/devkitARM/bin/../lib/gcc/arm-none-eabi/11.1.0/../../../../arm-none-eabi/lib/armv6k/fpu/libg.a(lib_a-mbtowc_r.o)
                0x0000000000121484                __utf8_mbtowc
 .text.memmove  0x0000000000121768      0x154 /opt/devkitpro/devkitARM/bin/../lib/gcc/arm-none-eabi/11.1.0/../../../../arm-none-eabi/lib/armv6k/fpu/libg.a(lib_a-memmove.o)
                0x0000000000121768                memmove
 .text._Balloc  0x00000000001218bc       0x88 /opt/devkitpro/devkitARM/bin/../lib/gcc/arm-none-eabi/11.1.0/../../../../arm-none-eabi/lib/armv6k/fpu/libg.a(lib_a-mprec.o)
                0x00000000001218bc                _Balloc
 .text._Bfree   0x0000000000121944       0x1c /opt/devkitpro/devkitARM/bin/../lib/gcc/arm-none-eabi/11.1.0/../../../../arm-none-eabi/lib/armv6k/fpu/libg.a(lib_a-mprec.o)
                0x0000000000121944                _Bfree
 .text.__multadd
                0x0000000000121960       0xf4 /opt/devkitpro/devkitARM/bin/../lib/gcc/arm-none-eabi/11.1.0/../../../../arm-none-eabi/lib/armv6k/fpu/libg.a(lib_a-mprec.o)
                0x0000000000121960                __multadd
 .text.__s2b    0x0000000000121a54      0x110 /opt/devkitpro/devkitARM/bin/../lib/gcc/arm-none-eabi/11.1.0/../../../../arm-none-eabi/lib/armv6k/fpu/libg.a(lib_a-mprec.o)
                0x0000000000121a54                __s2b
 .text.__hi0bits
                0x0000000000121b64       0x58 /opt/devkitpro/devkitARM/bin/../lib/gcc/arm-none-eabi/11.1.0/../../../../arm-none-eabi/lib/armv6k/fpu/libg.a(lib_a-mprec.o)
                0x0000000000121b64                __hi0bits
 .text.__lo0bits
                0x0000000000121bbc       0x94 /opt/devkitpro/devkitARM/bin/../lib/gcc/arm-none-eabi/11.1.0/../../../../arm-none-eabi/lib/armv6k/fpu/libg.a(lib_a-mprec.o)
                0x0000000000121bbc                __lo0bits
 .text.__i2b    0x0000000000121c50       0xa4 /opt/devkitpro/devkitARM/bin/../lib/gcc/arm-none-eabi/11.1.0/../../../../arm-none-eabi/lib/armv6k/fpu/libg.a(lib_a-mprec.o)
                0x0000000000121c50                __i2b
 .text.__multiply
                0x0000000000121cf4      0x204 /opt/devkitpro/devkitARM/bin/../lib/gcc/arm-none-eabi/11.1.0/../../../../arm-none-eabi/lib/armv6k/fpu/libg.a(lib_a-mprec.o)
                0x0000000000121cf4                __multiply
 .text.__pow5mult
                0x0000000000121ef8      0x120 /opt/devkitpro/devkitARM/bin/../lib/gcc/arm-none-eabi/11.1.0/../../../../arm-none-eabi/lib/armv6k/fpu/libg.a(lib_a-mprec.o)
                0x0000000000121ef8                __pow5mult
 .text.__lshift
                0x0000000000122018      0x13c /opt/devkitpro/devkitARM/bin/../lib/gcc/arm-none-eabi/11.1.0/../../../../arm-none-eabi/lib/armv6k/fpu/libg.a(lib_a-mprec.o)
                0x0000000000122018                __lshift
 .text.__mcmp   0x0000000000122154       0x58 /opt/devkitpro/devkitARM/bin/../lib/gcc/arm-none-eabi/11.1.0/../../../../arm-none-eabi/lib/armv6k/fpu/libg.a(lib_a-mprec.o)
                0x0000000000122154                __mcmp
 .text.__mdiff  0x00000000001221ac      0x1cc /opt/devkitpro/devkitARM/bin/../lib/gcc/arm-none-eabi/11.1.0/../../../../arm-none-eabi/lib/armv6k/fpu/libg.a(lib_a-mprec.o)
                0x00000000001221ac                __mdiff
 .text.__ulp    0x0000000000122378       0x74 /opt/devkitpro/devkitARM/bin/../lib/gcc/arm-none-eabi/11.1.0/../../../../arm-none-eabi/lib/armv6k/fpu/libg.a(lib_a-mprec.o)
                0x0000000000122378                __ulp
 .text.__b2d    0x00000000001223ec       0xd0 /opt/devkitpro/devkitARM/bin/../lib/gcc/arm-none-eabi/11.1.0/../../../../arm-none-eabi/lib/armv6k/fpu/libg.a(lib_a-mprec.o)
                0x00000000001223ec                __b2d
 .text.__d2b    0x00000000001224bc      0x124 /opt/devkitpro/devkitARM/bin/../lib/gcc/arm-none-eabi/11.1.0/../../../../arm-none-eabi/lib/armv6k/fpu/libg.a(lib_a-mprec.o)
                0x00000000001224bc                __d2b
 .text.__ratio  0x00000000001225e0       0x78 /opt/devkitpro/devkitARM/bin/../lib/gcc/arm-none-eabi/11.1.0/../../../../arm-none-eabi/lib/armv6k/fpu/libg.a(lib_a-mprec.o)
                0x00000000001225e0                __ratio
 .text.__copybits
                0x0000000000122658       0x88 /opt/devkitpro/devkitARM/bin/../lib/gcc/arm-none-eabi/11.1.0/../../../../arm-none-eabi/lib/armv6k/fpu/libg.a(lib_a-mprec.o)
                0x0000000000122658                __copybits
 .text.__any_on
                0x00000000001226e0       0x5c /opt/devkitpro/devkitARM/bin/../lib/gcc/arm-none-eabi/11.1.0/../../../../arm-none-eabi/lib/armv6k/fpu/libg.a(lib_a-mprec.o)